Archive member included because of file (symbol)

c:/freescale/kds_v3/toolchain/bin/../lib/gcc/arm-none-eabi/4.8.4/../../../../arm-none-eabi/lib/armv7e-m/fpu\libm.a(lib_a-s_modf.o)
                              ./utilities/fsl_debug_console.o (modf)
c:/freescale/kds_v3/toolchain/bin/../lib/gcc/arm-none-eabi/4.8.4/../../../../arm-none-eabi/lib/armv7e-m/fpu\libm.a(lib_a-w_pow.o)
                              ./utilities/fsl_debug_console.o (pow)
c:/freescale/kds_v3/toolchain/bin/../lib/gcc/arm-none-eabi/4.8.4/../../../../arm-none-eabi/lib/armv7e-m/fpu\libm.a(lib_a-e_pow.o)
                              c:/freescale/kds_v3/toolchain/bin/../lib/gcc/arm-none-eabi/4.8.4/../../../../arm-none-eabi/lib/armv7e-m/fpu\libm.a(lib_a-w_pow.o) (__ieee754_pow)
c:/freescale/kds_v3/toolchain/bin/../lib/gcc/arm-none-eabi/4.8.4/../../../../arm-none-eabi/lib/armv7e-m/fpu\libm.a(lib_a-e_sqrt.o)
                              c:/freescale/kds_v3/toolchain/bin/../lib/gcc/arm-none-eabi/4.8.4/../../../../arm-none-eabi/lib/armv7e-m/fpu\libm.a(lib_a-e_pow.o) (__ieee754_sqrt)
c:/freescale/kds_v3/toolchain/bin/../lib/gcc/arm-none-eabi/4.8.4/../../../../arm-none-eabi/lib/armv7e-m/fpu\libm.a(lib_a-s_fabs.o)
                              c:/freescale/kds_v3/toolchain/bin/../lib/gcc/arm-none-eabi/4.8.4/../../../../arm-none-eabi/lib/armv7e-m/fpu\libm.a(lib_a-e_pow.o) (fabs)
c:/freescale/kds_v3/toolchain/bin/../lib/gcc/arm-none-eabi/4.8.4/../../../../arm-none-eabi/lib/armv7e-m/fpu\libm.a(lib_a-s_finite.o)
                              c:/freescale/kds_v3/toolchain/bin/../lib/gcc/arm-none-eabi/4.8.4/../../../../arm-none-eabi/lib/armv7e-m/fpu\libm.a(lib_a-w_pow.o) (finite)
c:/freescale/kds_v3/toolchain/bin/../lib/gcc/arm-none-eabi/4.8.4/../../../../arm-none-eabi/lib/armv7e-m/fpu\libm.a(lib_a-s_fpclassify.o)
                              c:/freescale/kds_v3/toolchain/bin/../lib/gcc/arm-none-eabi/4.8.4/../../../../arm-none-eabi/lib/armv7e-m/fpu\libm.a(lib_a-w_pow.o) (__fpclassifyd)
c:/freescale/kds_v3/toolchain/bin/../lib/gcc/arm-none-eabi/4.8.4/../../../../arm-none-eabi/lib/armv7e-m/fpu\libm.a(lib_a-s_lib_ver.o)
                              c:/freescale/kds_v3/toolchain/bin/../lib/gcc/arm-none-eabi/4.8.4/../../../../arm-none-eabi/lib/armv7e-m/fpu\libm.a(lib_a-w_pow.o) (__fdlib_version)
c:/freescale/kds_v3/toolchain/bin/../lib/gcc/arm-none-eabi/4.8.4/../../../../arm-none-eabi/lib/armv7e-m/fpu\libm.a(lib_a-s_matherr.o)
                              c:/freescale/kds_v3/toolchain/bin/../lib/gcc/arm-none-eabi/4.8.4/../../../../arm-none-eabi/lib/armv7e-m/fpu\libm.a(lib_a-w_pow.o) (matherr)
c:/freescale/kds_v3/toolchain/bin/../lib/gcc/arm-none-eabi/4.8.4/../../../../arm-none-eabi/lib/armv7e-m/fpu\libm.a(lib_a-s_nan.o)
                              c:/freescale/kds_v3/toolchain/bin/../lib/gcc/arm-none-eabi/4.8.4/../../../../arm-none-eabi/lib/armv7e-m/fpu\libm.a(lib_a-e_pow.o) (nan)
c:/freescale/kds_v3/toolchain/bin/../lib/gcc/arm-none-eabi/4.8.4/../../../../arm-none-eabi/lib/armv7e-m/fpu\libm.a(lib_a-s_rint.o)
                              c:/freescale/kds_v3/toolchain/bin/../lib/gcc/arm-none-eabi/4.8.4/../../../../arm-none-eabi/lib/armv7e-m/fpu\libm.a(lib_a-w_pow.o) (rint)
c:/freescale/kds_v3/toolchain/bin/../lib/gcc/arm-none-eabi/4.8.4/../../../../arm-none-eabi/lib/armv7e-m/fpu\libm.a(lib_a-s_scalbn.o)
                              c:/freescale/kds_v3/toolchain/bin/../lib/gcc/arm-none-eabi/4.8.4/../../../../arm-none-eabi/lib/armv7e-m/fpu\libm.a(lib_a-e_pow.o) (scalbn)
c:/freescale/kds_v3/toolchain/bin/../lib/gcc/arm-none-eabi/4.8.4/../../../../arm-none-eabi/lib/armv7e-m/fpu\libm.a(lib_a-s_copysign.o)
                              c:/freescale/kds_v3/toolchain/bin/../lib/gcc/arm-none-eabi/4.8.4/../../../../arm-none-eabi/lib/armv7e-m/fpu\libm.a(lib_a-s_scalbn.o) (copysign)
c:/freescale/kds_v3/toolchain/bin/../lib/gcc/arm-none-eabi/4.8.4/../../../../arm-none-eabi/lib/armv7e-m/fpu\libg_s.a(lib_a-ctype_.o)
                              ./source/http_parser.o (__ctype_ptr__)
c:/freescale/kds_v3/toolchain/bin/../lib/gcc/arm-none-eabi/4.8.4/../../../../arm-none-eabi/lib/armv7e-m/fpu\libg_s.a(lib_a-errno.o)
                              ./utilities/fsl_sbrk.o (__errno)
c:/freescale/kds_v3/toolchain/bin/../lib/gcc/arm-none-eabi/4.8.4/../../../../arm-none-eabi/lib/armv7e-m/fpu\libg_s.a(lib_a-exit.o)
                              c:/freescale/kds_v3/toolchain/bin/../lib/gcc/arm-none-eabi/4.8.4/../../../../arm-none-eabi/lib/armv7e-m/fpu/crt0.o (exit)
c:/freescale/kds_v3/toolchain/bin/../lib/gcc/arm-none-eabi/4.8.4/../../../../arm-none-eabi/lib/armv7e-m/fpu\libg_s.a(lib_a-impure.o)
                              c:/freescale/kds_v3/toolchain/bin/../lib/gcc/arm-none-eabi/4.8.4/../../../../arm-none-eabi/lib/armv7e-m/fpu\libg_s.a(lib_a-exit.o) (_global_impure_ptr)
c:/freescale/kds_v3/toolchain/bin/../lib/gcc/arm-none-eabi/4.8.4/../../../../arm-none-eabi/lib/armv7e-m/fpu\libg_s.a(lib_a-init.o)
[...]
Memory Configuration

Name             Origin             Length             Attributes
m_interrupts     0x00000000         0x00000400         xr
m_flash_config   0x00000400         0x00000010         xr
m_text           0x00000410         0x000ffbf0         xr
m_data           0x1fff0000         0x0001f000         rw
m_data_2         0x2000f000         0x00021000         rw
*default*        0x00000000         0xffffffff

Linker script and memory map

LOAD c:/freescale/kds_v3/toolchain/bin/../lib/gcc/arm-none-eabi/4.8.4/armv7e-m/fpu/crti.o
LOAD c:/freescale/kds_v3/toolchain/bin/../lib/gcc/arm-none-eabi/4.8.4/armv7e-m/fpu/crtbegin.o
LOAD c:/freescale/kds_v3/toolchain/bin/../lib/gcc/arm-none-eabi/4.8.4/../../../../arm-none-eabi/lib/armv7e-m/fpu/crt0.o
                0x00000001                __ram_vector_table__ = 0x1
START GROUP
LOAD ./utilities/fsl_debug_console.o
LOAD ./utilities/fsl_sbrk.o
LOAD ./startup/startup_MK64F12.o
LOAD ./startup/system_MK64F12.o
LOAD ./source/dictionary.o
LOAD ./source/http_parser.o
LOAD ./source/lfn2sfn.o
LOAD ./source/lwip_httpsrv_freertos.o
LOAD ./source/sd.o
LOAD ./source/stristr.o
LOAD ./source/utils.o
LOAD ./sdmmc/src/fsl_mmc.o
LOAD ./sdmmc/src/fsl_sd.o
LOAD ./sdmmc/src/fsl_sdmmc.o
LOAD ./sdmmc/src/fsl_sdspi.o
LOAD ./lwip/src/netif/ppp/auth.o
LOAD ./lwip/src/netif/ppp/chap.o
LOAD ./lwip/src/netif/ppp/chpms.o
LOAD ./lwip/src/netif/ppp/fsm.o
LOAD ./lwip/src/netif/ppp/ipcp.o
LOAD ./lwip/src/netif/ppp/lcp.o
LOAD ./lwip/src/netif/ppp/magic.o
LOAD ./lwip/src/netif/ppp/pap.o
LOAD ./lwip/src/netif/ppp/ppp.o
LOAD ./lwip/src/netif/ppp/ppp_md5.o
LOAD ./lwip/src/netif/ppp/ppp_oe.o
LOAD ./lwip/src/netif/ppp/randm.o
LOAD ./lwip/src/netif/ppp/vj.o
LOAD ./lwip/src/netif/etharp.o
LOAD ./lwip/src/netif/slipif.o
LOAD ./lwip/src/core/snmp/asn1_dec.o
LOAD ./lwip/src/core/snmp/asn1_enc.o
LOAD ./lwip/src/core/snmp/mib2.o
LOAD ./lwip/src/core/snmp/mib_structs.o
LOAD ./lwip/src/core/snmp/msg_in.o
LOAD ./lwip/src/core/snmp/msg_out.o
LOAD ./lwip/src/core/ipv4/autoip.o
LOAD ./lwip/src/core/ipv4/icmp.o
LOAD ./lwip/src/core/ipv4/igmp.o
LOAD ./lwip/src/core/ipv4/inet.o
LOAD ./lwip/src/core/ipv4/inet_chksum.o
LOAD ./lwip/src/core/ipv4/ip.o
LOAD ./lwip/src/core/ipv4/ip_addr.o
LOAD ./lwip/src/core/ipv4/ip_frag.o
LOAD ./lwip/src/core/def.o
LOAD ./lwip/src/core/dhcp.o
LOAD ./lwip/src/core/dns.o
LOAD ./lwip/src/core/init.o
LOAD ./lwip/src/core/lwip_timers.o
LOAD ./lwip/src/core/mem.o
LOAD ./lwip/src/core/memp.o
LOAD ./lwip/src/core/netif.o
LOAD ./lwip/src/core/pbuf.o
LOAD ./lwip/src/core/raw.o
LOAD ./lwip/src/core/stats.o
LOAD ./lwip/src/core/sys.o
LOAD ./lwip/src/core/tcp.o
LOAD ./lwip/src/core/tcp_in.o
LOAD ./lwip/src/core/tcp_out.o
LOAD ./lwip/src/core/udp.o
LOAD ./lwip/src/api/api_lib.o
LOAD ./lwip/src/api/api_msg.o
LOAD ./lwip/src/api/err.o
LOAD ./lwip/src/api/netbuf.o
LOAD ./lwip/src/api/netdb.o
LOAD ./lwip/src/api/netifapi.o
LOAD ./lwip/src/api/sockets.o
LOAD ./lwip/src/api/tcpip.o
LOAD ./lwip/port/ethernetif.o
LOAD ./lwip/port/sys_arch.o
LOAD ./freertos/portable/port.o
LOAD ./freertos/croutine.o
LOAD ./freertos/event_groups.o
LOAD ./freertos/heap_4.o
LOAD ./freertos/list.o
LOAD ./freertos/queue.o
LOAD ./freertos/tasks.o
LOAD ./freertos/timers.o
LOAD ./drivers/fsl_clock.o
LOAD ./drivers/fsl_common.o
LOAD ./drivers/fsl_enet.o
LOAD ./drivers/fsl_gpio.o
LOAD ./drivers/fsl_sdhc.o
LOAD ./drivers/fsl_sim.o
LOAD ./drivers/fsl_smc.o
LOAD ./drivers/fsl_uart.o
LOAD ./board/board.o
LOAD ./board/clock_config.o
LOAD ./board/fsl_phy.o
LOAD ./board/pin_mux.o
LOAD ./FATFS_Sources/diskio.o
LOAD ./FATFS_Sources/event.o
LOAD ./FATFS_Sources/ff.o
LOAD ./FATFS_Sources/fsl_sd_disk.o
LOAD c:/freescale/kds_v3/toolchain/bin/../lib/gcc/arm-none-eabi/4.8.4/../../../../arm-none-eabi/lib/armv7e-m/fpu\libm.a
LOAD c:/freescale/kds_v3/toolchain/bin/../lib/gcc/arm-none-eabi/4.8.4/../../../../arm-none-eabi/lib/armv7e-m/fpu\libg_s.a
LOAD c:/freescale/kds_v3/toolchain/bin/../lib/gcc/arm-none-eabi/4.8.4/armv7e-m/fpu\libgcc.a
LOAD c:/freescale/kds_v3/toolchain/bin/../lib/gcc/arm-none-eabi/4.8.4/../../../../arm-none-eabi/lib/armv7e-m/fpu\libnosys.a
END GROUP
START GROUP
LOAD c:/freescale/kds_v3/toolchain/bin/../lib/gcc/arm-none-eabi/4.8.4/armv7e-m/fpu\libgcc.a
LOAD c:/freescale/kds_v3/toolchain/bin/../lib/gcc/arm-none-eabi/4.8.4/../../../../arm-none-eabi/lib/armv7e-m/fpu\libg_s.a
LOAD c:/freescale/kds_v3/toolchain/bin/../lib/gcc/arm-none-eabi/4.8.4/../../../../arm-none-eabi/lib/armv7e-m/fpu\libc_s.a
END GROUP
START GROUP
LOAD c:/freescale/kds_v3/toolchain/bin/../lib/gcc/arm-none-eabi/4.8.4/armv7e-m/fpu\libgcc.a
LOAD c:/freescale/kds_v3/toolchain/bin/../lib/gcc/arm-none-eabi/4.8.4/../../../../arm-none-eabi/lib/armv7e-m/fpu\libc_s.a
END GROUP
LOAD c:/freescale/kds_v3/toolchain/bin/../lib/gcc/arm-none-eabi/4.8.4/armv7e-m/fpu/crtend.o
LOAD c:/freescale/kds_v3/toolchain/bin/../lib/gcc/arm-none-eabi/4.8.4/armv7e-m/fpu/crtn.o
                0x00001000                HEAP_SIZE = DEFINED (__heap_size__)?__heap_size__:0x1000
                0x00000400                STACK_SIZE = DEFINED (__stack_size__)?__stack_size__:0x400
                0x00000000                M_VECTOR_RAM_SIZE = DEFINED (__ram_vector_table__)?0x400:0x0

.interrupts     0x00000000      0x400
                0x00000000                __VECTOR_TABLE = .
                0x00000000                . = ALIGN (0x4)
 *(.isr_vector)
 .isr_vector    0x00000000      0x400 ./startup/startup_MK64F12.o
                0x00000000                __isr_vector
                0x00000400                . = ALIGN (0x4)

.flash_config   0x00000400       0x10
                0x00000400                . = ALIGN (0x4)
 *(.FlashConfig)
 .FlashConfig   0x00000400       0x10 ./startup/startup_MK64F12.o
                0x00000410                . = ALIGN (0x4)

.text           0x00000410    0x1fe84
                0x00000410                . = ALIGN (0x4)
 *(.text)
 .text          0x00000410       0x54 c:/freescale/kds_v3/toolchain/bin/../lib/gcc/arm-none-eabi/4.8.4/armv7e-m/fpu/crtbegin.o
 .text          0x00000464       0x74 c:/freescale/kds_v3/toolchain/bin/../lib/gcc/arm-none-eabi/4.8.4/../../../../arm-none-eabi/lib/armv7e-m/fpu/crt0.o
                0x00000464                _start
                0x00000464                _mainCRTStartup
 .text          0x000004d8      0x1fc ./startup/startup_MK64F12.o
                0x000004d8                Reset_Handler
                0x00000534                DebugMon_Handler
                0x00000534                PORTC_IRQHandler
                0x00000534                DMA0_DriverIRQHandler
                0x00000534                DMA12_DriverIRQHandler
                0x00000534                DMA1_DriverIRQHandler
                0x00000534                SPI1_DriverIRQHandler
                0x00000534                DMA_Error_DriverIRQHandler
                0x00000534                CMP0_IRQHandler
                0x00000534                I2C1_DriverIRQHandler
                0x00000534                DMA7_DriverIRQHandler
                0x00000534                I2C0_DriverIRQHandler
                0x00000534                ENET_Transmit_DriverIRQHandler
                0x00000534                DMA2_DriverIRQHandler
                0x00000534                PIT0_IRQHandler
                0x00000534                UART1_ERR_DriverIRQHandler
                0x00000534                CMP2_IRQHandler
                0x00000534                LLWU_IRQHandler
                0x00000534                I2S0_Tx_DriverIRQHandler
                0x00000534                DMA6_DriverIRQHandler
                0x00000534                BusFault_Handler
                0x00000534                ENET_1588_Timer_DriverIRQHandler
                0x00000534                I2C2_DriverIRQHandler
                0x00000534                SWI_IRQHandler
                0x00000534                ADC0_IRQHandler
                0x00000534                UsageFault_Handler
                0x00000534                LPTMR0_IRQHandler
                0x00000534                CMT_IRQHandler
                0x00000534                FTM2_IRQHandler
                0x00000534                PORTE_IRQHandler
                0x00000534                DefaultISR
                0x00000534                FTM3_IRQHandler
                0x00000534                UART5_ERR_DriverIRQHandler
                0x00000534                CAN0_DriverIRQHandler
                0x00000534                DMA11_DriverIRQHandler
                0x00000534                CMP1_IRQHandler
                0x00000534                Reserved71_IRQHandler
                0x00000534                PORTD_IRQHandler
                0x00000534                PORTB_IRQHandler
                0x00000534                DMA10_DriverIRQHandler
                0x00000534                MCM_IRQHandler
                0x00000534                UART2_ERR_DriverIRQHandler
                0x00000534                SPI2_DriverIRQHandler
                0x00000534                ADC1_IRQHandler
                0x00000534                DMA5_DriverIRQHandler
                0x00000534                DMA4_DriverIRQHandler
                0x00000534                DAC1_IRQHandler
                0x00000534                PIT2_IRQHandler
                0x00000534                PORTA_IRQHandler
                0x00000534                FTM0_IRQHandler
                0x00000534                RTC_IRQHandler
                0x00000534                UART3_ERR_DriverIRQHandler
                0x00000534                PDB0_IRQHandler
                0x00000534                DMA9_DriverIRQHandler
                0x00000534                FTM1_IRQHandler
                0x00000534                LVD_LVW_IRQHandler
                0x00000534                PIT1_IRQHandler
                0x00000534                DMA3_DriverIRQHandler
                0x00000534                PIT3_IRQHandler
                0x00000534                SPI0_DriverIRQHandler
                0x00000534                RTC_Seconds_IRQHandler
                0x00000534                MCG_IRQHandler
                0x00000534                FTFE_IRQHandler
                0x00000534                UART0_LON_DriverIRQHandler
                0x00000534                DMA8_DriverIRQHandler
                0x00000534                UART0_ERR_DriverIRQHandler
                0x00000534                DMA15_DriverIRQHandler
                0x00000534                ENET_Error_DriverIRQHandler
                0x00000534                DMA13_DriverIRQHandler
                0x00000534                Read_Collision_IRQHandler
                0x00000534                DMA14_DriverIRQHandler
                0x00000534                DAC0_IRQHandler
                0x00000534                USBDCD_IRQHandler
                0x00000534                I2S0_Rx_DriverIRQHandler
                0x00000534                USB0_IRQHandler
                0x00000534                ENET_Receive_DriverIRQHandler
                0x00000534                UART4_ERR_DriverIRQHandler
                0x00000534                WDOG_EWM_IRQHandler
                0x00000534                MemManage_Handler
                0x00000534                RNG_IRQHandler
                0x00000538                NMI_Handler
                0x0000053c                HardFault_Handler
                0x0000054c                DMA0_IRQHandler
                0x00000550                DMA1_IRQHandler
                0x00000554                DMA2_IRQHandler
                0x00000558                DMA3_IRQHandler
                0x0000055c                DMA4_IRQHandler
                0x00000560                DMA5_IRQHandler
                0x00000564                DMA6_IRQHandler
                0x00000568                DMA7_IRQHandler
                0x0000056c                DMA8_IRQHandler
                0x00000570                DMA9_IRQHandler
                0x00000574                DMA10_IRQHandler
                0x00000578                DMA11_IRQHandler
                0x0000057c                DMA12_IRQHandler
                0x00000580                DMA13_IRQHandler
                0x00000584                DMA14_IRQHandler
                0x00000588                DMA15_IRQHandler
                0x0000058c                DMA_Error_IRQHandler
                0x00000590                I2C0_IRQHandler
                0x00000594                I2C1_IRQHandler
                0x00000598                SPI0_IRQHandler
                0x0000059c                SPI1_IRQHandler
                0x000005a0                I2S0_Tx_IRQHandler
                0x000005a4                I2S0_Rx_IRQHandler
                0x000005a8                UART0_LON_IRQHandler
                0x000005ac                UART0_RX_TX_IRQHandler
                0x000005b0                UART0_ERR_IRQHandler
                0x000005b4                UART1_RX_TX_IRQHandler
                0x000005b8                UART1_ERR_IRQHandler
                0x000005bc                UART2_RX_TX_IRQHandler
                0x000005c0                UART2_ERR_IRQHandler
                0x000005c4                UART3_RX_TX_IRQHandler
                0x000005c8                UART3_ERR_IRQHandler
                0x000005cc                SPI2_IRQHandler
                0x000005d0                UART4_RX_TX_IRQHandler
                0x000005d4                UART4_ERR_IRQHandler
                0x000005d8                UART5_RX_TX_IRQHandler
                0x000005dc                UART5_ERR_IRQHandler
                0x000005e0                I2C2_IRQHandler
                0x000005e4                CAN0_ORed_Message_buffer_IRQHandler
                0x000005e8                CAN0_Bus_Off_IRQHandler
                0x000005ec                CAN0_Error_IRQHandler
                0x000005f0                CAN0_Tx_Warning_IRQHandler
                0x000005f4                CAN0_Rx_Warning_IRQHandler
                0x000005f8                CAN0_Wake_Up_IRQHandler
                0x000005fc                SDHC_IRQHandler
 .text          0x000006d4       0x14 c:/freescale/kds_v3/toolchain/bin/../lib/gcc/arm-none-eabi/4.8.4/../../../../arm-none-eabi/lib/armv7e-m/fpu\libg_s.a(lib_a-strcmp.o)
                0x000006d4                strcmp
 .text          0x000006e8      0x370 c:/freescale/kds_v3/toolchain/bin/../lib/gcc/arm-none-eabi/4.8.4/armv7e-m/fpu\libgcc.a(_arm_addsubdf3.o)
                0x000006e8                __aeabi_drsub
                0x000006f0                __aeabi_dsub
                0x000006f0                __subdf3
                0x000006f4                __aeabi_dadd
                0x000006f4                __adddf3
                0x0000096c                __floatunsidf
                0x0000096c                __aeabi_ui2d
                0x0000098c                __floatsidf
                0x0000098c                __aeabi_i2d
                0x000009b0                __aeabi_f2d
                0x000009b0                __extendsfdf2
                0x000009ec                __floatundidf
                0x000009ec                __aeabi_ul2d
                0x000009fc                __floatdidf
                0x000009fc                __aeabi_l2d
 .text          0x00000a58      0x424 c:/freescale/kds_v3/toolchain/bin/../lib/gcc/arm-none-eabi/4.8.4/armv7e-m/fpu\libgcc.a(_arm_muldivdf3.o)
                0x00000a58                __aeabi_dmul
                0x00000a58                __muldf3
                0x00000cac                __divdf3
                0x00000cac                __aeabi_ddiv
 .text          0x00000e7c      0x110 c:/freescale/kds_v3/toolchain/bin/../lib/gcc/arm-none-eabi/4.8.4/armv7e-m/fpu\libgcc.a(_arm_cmpdf2.o)
                0x00000e7c                __gtdf2
                0x00000e7c                __gedf2
                0x00000e84                __ltdf2
                0x00000e84                __ledf2
                0x00000e8c                __nedf2
                0x00000e8c                __eqdf2
                0x00000e8c                __cmpdf2
                0x00000f08                __aeabi_cdrcmple
                0x00000f18                __aeabi_cdcmpeq
                0x00000f18                __aeabi_cdcmple
                0x00000f28                __aeabi_dcmpeq
                0x00000f3c                __aeabi_dcmplt
                0x00000f50                __aeabi_dcmple
                0x00000f64                __aeabi_dcmpge
                0x00000f78                __aeabi_dcmpgt
 .text          0x00000f8c       0x50 c:/freescale/kds_v3/toolchain/bin/../lib/gcc/arm-none-eabi/4.8.4/armv7e-m/fpu\libgcc.a(_arm_fixdfsi.o)
                0x00000f8c                __aeabi_d2iz
                0x00000f8c                __fixdfsi
 .text          0x00000fdc       0x40 c:/freescale/kds_v3/toolchain/bin/../lib/gcc/arm-none-eabi/4.8.4/armv7e-m/fpu\libgcc.a(_arm_fixunsdfsi.o)
                0x00000fdc                __aeabi_d2uiz
                0x00000fdc                __fixunsdfsi
 .text          0x0000101c       0x38 c:/freescale/kds_v3/toolchain/bin/../lib/gcc/arm-none-eabi/4.8.4/armv7e-m/fpu\libgcc.a(_aeabi_ldivmod.o)
                0x0000101c                __aeabi_ldivmod
 .text          0x00001054       0x2c c:/freescale/kds_v3/toolchain/bin/../lib/gcc/arm-none-eabi/4.8.4/armv7e-m/fpu\libgcc.a(_aeabi_uldivmod.o)
                0x00001054                __aeabi_uldivmod
 .text          0x00001080       0x30 c:/freescale/kds_v3/toolchain/bin/../lib/gcc/arm-none-eabi/4.8.4/armv7e-m/fpu\libgcc.a(_fixdfdi.o)
                0x00001080                __fixdfdi
                0x00001080                __aeabi_d2lz
 .text          0x000010b0       0x44 c:/freescale/kds_v3/toolchain/bin/../lib/gcc/arm-none-eabi/4.8.4/armv7e-m/fpu\libgcc.a(_fixunsdfdi.o)
                0x000010b0                __fixunsdfdi
                0x000010b0                __aeabi_d2ulz
 .text          0x000010f4       0x60 c:/freescale/kds_v3/toolchain/bin/../lib/gcc/arm-none-eabi/4.8.4/armv7e-m/fpu\libgcc.a(bpabi.o)
                0x000010f4                __gnu_ldivmod_helper
                0x00001124                __gnu_uldivmod_helper
 .text          0x00001154        0x4 c:/freescale/kds_v3/toolchain/bin/../lib/gcc/arm-none-eabi/4.8.4/armv7e-m/fpu\libgcc.a(_dvmd_tls.o)
                0x00001154                __aeabi_idiv0
                0x00001154                __aeabi_ldiv0
 .text          0x00001158      0x298 c:/freescale/kds_v3/toolchain/bin/../lib/gcc/arm-none-eabi/4.8.4/armv7e-m/fpu\libgcc.a(_divdi3.o)
                0x00001158                __divdi3
 .text          0x000013f0      0x284 c:/freescale/kds_v3/toolchain/bin/../lib/gcc/arm-none-eabi/4.8.4/armv7e-m/fpu\libgcc.a(_udivdi3.o)
                0x000013f0                __udivdi3
 *(.text*)
 .text.UART_EnableTx
                0x00001674       0x40 ./utilities/fsl_debug_console.o
 .text.UART_EnableRx
                0x000016b4       0x40 ./utilities/fsl_debug_console.o
 .text.DbgConsole_Init
                0x000016f4       0x90 ./utilities/fsl_debug_console.o
                0x000016f4                DbgConsole_Init
 .text.DbgConsole_Printf
                0x00001784       0x40 ./utilities/fsl_debug_console.o
                0x00001784                DbgConsole_Printf
 .text.DbgConsole_Putchar
                0x000017c4       0x38 ./utilities/fsl_debug_console.o
                0x000017c4                DbgConsole_Putchar
 .text.DbgConsole_PrintfPaddingCharacter
                0x000017fc       0x40 ./utilities/fsl_debug_console.o
 .text.DbgConsole_ConvertRadixNumToString
                0x0000183c      0x1d8 ./utilities/fsl_debug_console.o
 *fill*         0x00001a14        0x4 
 .text.DbgConsole_ConvertFloatRadixNumToString
                0x00001a18      0x2b8 ./utilities/fsl_debug_console.o
 .text.DbgConsole_PrintfFormattedData
                0x00001cd0      0x8a0 ./utilities/fsl_debug_console.o
 .text._write   0x00002570       0x58 ./utilities/fsl_debug_console.o
                0x00002570                _write
 .text._read    0x000025c8       0x44 ./utilities/fsl_debug_console.o
                0x000025c8                _read
 .text._sbrk    0x0000260c       0x5c ./utilities/fsl_sbrk.o
                0x0000260c                _sbrk
 .text.SystemInit
                0x00002668       0x3c ./startup/system_MK64F12.o
                0x00002668                SystemInit
 .text.handleTopazApi
                0x000026a4       0x14 ./source/http_parser.o
                0x000026a4                handleTopazApi
 .text.handleTopazDiagApi
                0x000026b8       0x14 ./source/http_parser.o
                0x000026b8                handleTopazDiagApi
 .text.trimwhitespace
                0x000026cc       0x88 ./source/http_parser.o
                0x000026cc                trimwhitespace
 .text.GetHttpMethod
                0x00002754       0xd4 ./source/http_parser.o
 .text.GetHost  0x00002828       0x3c ./source/http_parser.o
 .text.GetApiCommand
                0x00002864       0x58 ./source/http_parser.o
 .text.get_var  0x000028bc      0x11c ./source/http_parser.o
 .text.handleUser
                0x000029d8       0x88 ./source/http_parser.o
 .text.httpParser
                0x00002a60       0xec ./source/http_parser.o
                0x00002a60                httpParser
 .text.getShortName
                0x00002b4c      0xa88 ./source/lfn2sfn.o
                0x00002b4c                getShortName
 .text.http_server_netconn_serve
                0x000035d4       0x9c ./source/lwip_httpsrv_freertos.o
 .text.http_server_netconn_thread
                0x00003670       0xa0 ./source/lwip_httpsrv_freertos.o
 .text.http_server_netconn_init
                0x00003710       0x40 ./source/lwip_httpsrv_freertos.o
                0x00003710                http_server_netconn_init
 .text.main     0x00003750      0x198 ./source/lwip_httpsrv_freertos.o
                0x00003750                main
 .text.GPIO_ReadPinInput
                0x000038e8       0x24 ./source/sd.o
 .text.sd_init  0x0000390c       0xa0 ./source/sd.o
                0x0000390c                sd_init
 .text.sd_sendfile
                0x000039ac      0x40c ./source/sd.o
                0x000039ac                sd_sendfile
 .text.stristr  0x00003db8      0x138 ./source/stristr.o
                0x00003db8                stristr
 .text.delay    0x00003ef0       0x40 ./source/utils.o
                0x00003ef0                delay
 .text.SDHC_GetPresentStatusFlags
                0x00003f30       0x18 ./sdmmc/src/fsl_sd.o
 .text.SDHC_SetDataBusWidth
                0x00003f48       0x2c ./sdmmc/src/fsl_sd.o
 .text.SD_SelectCard
                0x00003f74       0x48 ./sdmmc/src/fsl_sd.o
 .text.SD_WaitWriteComplete
                0x00003fbc       0x48 ./sdmmc/src/fsl_sd.o
 .text.SD_SendApplicationCmd
                0x00004004       0x48 ./sdmmc/src/fsl_sd.o
 .text.SD_GoIdle
                0x0000404c       0x44 ./sdmmc/src/fsl_sd.o
 .text.SD_StopTransmission
                0x00004090       0x44 ./sdmmc/src/fsl_sd.o
 .text.SD_SetBlockSize
                0x000040d4       0x48 ./sdmmc/src/fsl_sd.o
 .text.SD_SendRca
                0x0000411c       0xa4 ./sdmmc/src/fsl_sd.o
 .text.SD_SwitchFunction
                0x000041c0      0x138 ./sdmmc/src/fsl_sd.o
 .text.SD_DecodeScr
                0x000042f8      0x148 ./sdmmc/src/fsl_sd.o
 .text.SD_SendScr
                0x00004440      0x168 ./sdmmc/src/fsl_sd.o
 .text.SD_SwitchHighspeed
                0x000045a8      0x14c ./sdmmc/src/fsl_sd.o
 .text.SD_SetDataBusWidth
                0x000046f4       0xd8 ./sdmmc/src/fsl_sd.o
 .text.SD_DecodeCsd
                0x000047cc      0x36c ./sdmmc/src/fsl_sd.o
 .text.SD_SendCsd
                0x00004b38       0xc4 ./sdmmc/src/fsl_sd.o
 .text.SD_DecodeCid
                0x00004bfc       0xfc ./sdmmc/src/fsl_sd.o
 .text.SD_AllSendCid
                0x00004cf8       0xc0 ./sdmmc/src/fsl_sd.o
 .text.SD_ApplicationSendOperationCondition
                0x00004db8       0xf0 ./sdmmc/src/fsl_sd.o
 .text.SD_SendInterfaceCondition
                0x00004ea8       0xac ./sdmmc/src/fsl_sd.o
 .text.SD_Read  0x00004f54      0x1d4 ./sdmmc/src/fsl_sd.o
 .text.SD_Write
                0x00005128      0x1d8 ./sdmmc/src/fsl_sd.o
 .text.SD_Init  0x00005300      0x248 ./sdmmc/src/fsl_sd.o
                0x00005300                SD_Init
 .text.SD_Deinit
                0x00005548       0x38 ./sdmmc/src/fsl_sd.o
                0x00005548                SD_Deinit
 .text.SD_ReadBlocks
                0x00005580       0xe8 ./sdmmc/src/fsl_sd.o
                0x00005580                SD_ReadBlocks
 .text.SD_WriteBlocks
                0x00005668       0xe8 ./sdmmc/src/fsl_sd.o
                0x00005668                SD_WriteBlocks
 .text.SDMMC_SelectCard
                0x00005750       0xbc ./sdmmc/src/fsl_sdmmc.o
                0x00005750                SDMMC_SelectCard
 .text.SDMMC_WaitWriteComplete
                0x0000580c       0xc4 ./sdmmc/src/fsl_sdmmc.o
                0x0000580c                SDMMC_WaitWriteComplete
 .text.SDMMC_SendApplicationCommand
                0x000058d0       0xbc ./sdmmc/src/fsl_sdmmc.o
                0x000058d0                SDMMC_SendApplicationCommand
 .text.SDMMC_GoIdle
                0x0000598c       0x90 ./sdmmc/src/fsl_sdmmc.o
                0x0000598c                SDMMC_GoIdle
 .text.SDMMC_StopTransmission
                0x00005a1c       0xa8 ./sdmmc/src/fsl_sdmmc.o
                0x00005a1c                SDMMC_StopTransmission
 .text.SDMMC_SetBlockSize
                0x00005ac4       0xa8 ./sdmmc/src/fsl_sdmmc.o
                0x00005ac4                SDMMC_SetBlockSize
 .text.etharp_free_entry
                0x00005b6c      0x114 ./lwip/src/netif/etharp.o
 .text.etharp_tmr
                0x00005c80       0xdc ./lwip/src/netif/etharp.o
                0x00005c80                etharp_tmr
 .text.etharp_find_entry
                0x00005d5c      0x258 ./lwip/src/netif/etharp.o
 .text.etharp_send_ip
                0x00005fb4       0x64 ./lwip/src/netif/etharp.o
 .text.etharp_update_arp_entry
                0x00006018      0x134 ./lwip/src/netif/etharp.o
 .text.etharp_cleanup_netif
                0x0000614c       0x60 ./lwip/src/netif/etharp.o
                0x0000614c                etharp_cleanup_netif
 .text.etharp_arp_input
                0x000061ac      0x1b8 ./lwip/src/netif/etharp.o
 .text.etharp_output_to_arp_index
                0x00006364       0xc0 ./lwip/src/netif/etharp.o
 .text.etharp_output
                0x00006424      0x1bc ./lwip/src/netif/etharp.o
                0x00006424                etharp_output
 .text.etharp_query
                0x000065e0      0x25c ./lwip/src/netif/etharp.o
                0x000065e0                etharp_query
 .text.etharp_raw
                0x0000683c      0x12c ./lwip/src/netif/etharp.o
 .text.etharp_request
                0x00006968       0x44 ./lwip/src/netif/etharp.o
                0x00006968                etharp_request
 .text.ethernet_input
                0x000069ac      0x104 ./lwip/src/netif/etharp.o
                0x000069ac                ethernet_input
 .text.icmp_input
                0x00006ab0      0x248 ./lwip/src/core/ipv4/icmp.o
                0x00006ab0                icmp_input
 .text.icmp_dest_unreach
                0x00006cf8       0x20 ./lwip/src/core/ipv4/icmp.o
                0x00006cf8                icmp_dest_unreach
 .text.icmp_time_exceeded
                0x00006d18       0x20 ./lwip/src/core/ipv4/icmp.o
                0x00006d18                icmp_time_exceeded
 .text.icmp_send_response
                0x00006d38       0xc0 ./lwip/src/core/ipv4/icmp.o
 .text.lwip_standard_chksum
                0x00006df8       0xb8 ./lwip/src/core/ipv4/inet_chksum.o
 .text.inet_chksum_pseudo
                0x00006eb0      0x10c ./lwip/src/core/ipv4/inet_chksum.o
                0x00006eb0                inet_chksum_pseudo
 .text.inet_chksum
                0x00006fbc       0x24 ./lwip/src/core/ipv4/inet_chksum.o
                0x00006fbc                inet_chksum
 .text.inet_chksum_pbuf
                0x00006fe0       0x98 ./lwip/src/core/ipv4/inet_chksum.o
                0x00006fe0                inet_chksum_pbuf
 .text.ip_route
                0x00007078       0x78 ./lwip/src/core/ipv4/ip.o
                0x00007078                ip_route
 .text.ip_input
                0x000070f0      0x268 ./lwip/src/core/ipv4/ip.o
                0x000070f0                ip_input
 .text.ip_output_if
                0x00007358      0x1c4 ./lwip/src/core/ipv4/ip.o
                0x00007358                ip_output_if
 .text.ip_output
                0x0000751c       0x5c ./lwip/src/core/ipv4/ip.o
                0x0000751c                ip_output
 .text.ip4_addr_isbroadcast
                0x00007578       0x78 ./lwip/src/core/ipv4/ip_addr.o
                0x00007578                ip4_addr_isbroadcast
 .text.ip_reass_tmr
                0x000075f0       0x54 ./lwip/src/core/ipv4/ip_frag.o
                0x000075f0                ip_reass_tmr
 .text.ip_reass_free_complete_datagram
                0x00007644      0x128 ./lwip/src/core/ipv4/ip_frag.o
 .text.ip_reass_remove_oldest_datagram
                0x0000776c       0xb8 ./lwip/src/core/ipv4/ip_frag.o
 .text.ip_reass_enqueue_new_datagram
                0x00007824       0x74 ./lwip/src/core/ipv4/ip_frag.o
 .text.ip_reass_dequeue_datagram
                0x00007898       0x48 ./lwip/src/core/ipv4/ip_frag.o
 .text.ip_reass_chain_frag_into_datagram_and_validate
                0x000078e0      0x26c ./lwip/src/core/ipv4/ip_frag.o
 .text.ip_reass
                0x00007b4c      0x23c ./lwip/src/core/ipv4/ip_frag.o
                0x00007b4c                ip_reass
 .text.ip_frag_alloc_pbuf_custom_ref
                0x00007d88       0x10 ./lwip/src/core/ipv4/ip_frag.o
 .text.ip_frag_free_pbuf_custom_ref
                0x00007d98       0x28 ./lwip/src/core/ipv4/ip_frag.o
 .text.ipfrag_free_pbuf_custom
                0x00007dc0       0x4c ./lwip/src/core/ipv4/ip_frag.o
 .text.ip_frag  0x00007e0c      0x20c ./lwip/src/core/ipv4/ip_frag.o
                0x00007e0c                ip_frag
 .text.lwip_htons
                0x00008018       0x2c ./lwip/src/core/def.o
                0x00008018                lwip_htons
 .text.lwip_ntohs
                0x00008044       0x1c ./lwip/src/core/def.o
                0x00008044                lwip_ntohs
 .text.lwip_htonl
                0x00008060       0x34 ./lwip/src/core/def.o
                0x00008060                lwip_htonl
 .text.lwip_ntohl
                0x00008094       0x18 ./lwip/src/core/def.o
                0x00008094                lwip_ntohl
 .text.dhcp_check
                0x000080ac       0x5c ./lwip/src/core/dhcp.o
 .text.dhcp_select
                0x00008108      0x138 ./lwip/src/core/dhcp.o
 .text.dhcp_coarse_tmr
                0x00008240       0x5c ./lwip/src/core/dhcp.o
                0x00008240                dhcp_coarse_tmr
 .text.dhcp_fine_tmr
                0x0000829c       0x60 ./lwip/src/core/dhcp.o
                0x0000829c                dhcp_fine_tmr
 .text.dhcp_timeout
                0x000082fc       0xc8 ./lwip/src/core/dhcp.o
 .text.dhcp_t1_timeout
                0x000083c4       0x34 ./lwip/src/core/dhcp.o
 .text.dhcp_t2_timeout
                0x000083f8       0x34 ./lwip/src/core/dhcp.o
 .text.dhcp_arp_reply
                0x0000842c       0x48 ./lwip/src/core/dhcp.o
                0x0000842c                dhcp_arp_reply
 .text.dhcp_decline
                0x00008474       0xc4 ./lwip/src/core/dhcp.o
 .text.dhcp_discover
                0x00008538      0x104 ./lwip/src/core/dhcp.o
 .text.dhcp_bind
                0x0000863c      0x170 ./lwip/src/core/dhcp.o
 .text.dhcp_renew
                0x000087ac       0xd4 ./lwip/src/core/dhcp.o
                0x000087ac                dhcp_renew
 .text.dhcp_rebind
                0x00008880       0xd4 ./lwip/src/core/dhcp.o
 .text.dhcp_reboot
                0x00008954       0xf0 ./lwip/src/core/dhcp.o
 .text.dhcp_release
                0x00008a44      0x110 ./lwip/src/core/dhcp.o
                0x00008a44                dhcp_release
 .text.dhcp_set_state
                0x00008b54       0x34 ./lwip/src/core/dhcp.o
 .text.dhcp_option
                0x00008b88       0x60 ./lwip/src/core/dhcp.o
 .text.dhcp_option_byte
                0x00008be8       0x3c ./lwip/src/core/dhcp.o
 .text.dhcp_option_short
                0x00008c24       0x60 ./lwip/src/core/dhcp.o
 .text.dhcp_option_long
                0x00008c84       0x9c ./lwip/src/core/dhcp.o
 .text.dhcp_create_msg
                0x00008d20      0x26c ./lwip/src/core/dhcp.o
 .text.dhcp_delete_msg
                0x00008f8c       0x64 ./lwip/src/core/dhcp.o
 .text.dhcp_option_trailer
                0x00008ff0       0x94 ./lwip/src/core/dhcp.o
 .text.lwip_init
                0x00009084       0x28 ./lwip/src/core/init.o
                0x00009084                lwip_init
 .text.tcpip_tcp_timer
                0x000090ac       0x44 ./lwip/src/core/lwip_timers.o
 .text.tcp_timer_needed
                0x000090f0       0x40 ./lwip/src/core/lwip_timers.o
                0x000090f0                tcp_timer_needed
 .text.ip_reass_timer
                0x00009130       0x24 ./lwip/src/core/lwip_timers.o
 .text.arp_timer
                0x00009154       0x24 ./lwip/src/core/lwip_timers.o
 .text.dhcp_timer_coarse
                0x00009178       0x24 ./lwip/src/core/lwip_timers.o
 .text.dhcp_timer_fine
                0x0000919c       0x24 ./lwip/src/core/lwip_timers.o
 .text.sys_timeouts_init
                0x000091c0       0x54 ./lwip/src/core/lwip_timers.o
                0x000091c0                sys_timeouts_init
 .text.sys_timeout
                0x00009214       0xf0 ./lwip/src/core/lwip_timers.o
                0x00009214                sys_timeout
 .text.sys_untimeout
                0x00009304       0x8c ./lwip/src/core/lwip_timers.o
                0x00009304                sys_untimeout
 .text.sys_timeouts_mbox_fetch
                0x00009390       0xb0 ./lwip/src/core/lwip_timers.o
                0x00009390                sys_timeouts_mbox_fetch
 .text.plug_holes
                0x00009440      0x108 ./lwip/src/core/mem.o
 .text.mem_init
                0x00009548       0x90 ./lwip/src/core/mem.o
                0x00009548                mem_init
 .text.mem_free
                0x000095d8       0xb0 ./lwip/src/core/mem.o
                0x000095d8                mem_free
 .text.mem_trim
                0x00009688      0x1b0 ./lwip/src/core/mem.o
                0x00009688                mem_trim
 .text.mem_malloc
                0x00009838      0x1c4 ./lwip/src/core/mem.o
                0x00009838                mem_malloc
 .text.memp_init
                0x000099fc       0x98 ./lwip/src/core/memp.o
                0x000099fc                memp_init
 .text.memp_malloc
                0x00009a94       0x5c ./lwip/src/core/memp.o
                0x00009a94                memp_malloc
 .text.memp_free
                0x00009af0       0x4c ./lwip/src/core/memp.o
                0x00009af0                memp_free
 .text.netif_init
                0x00009b3c        0xc ./lwip/src/core/netif.o
                0x00009b3c                netif_init
 .text.netif_add
                0x00009b48       0x98 ./lwip/src/core/netif.o
                0x00009b48                netif_add
 .text.netif_set_addr
                0x00009be0       0x2c ./lwip/src/core/netif.o
                0x00009be0                netif_set_addr
 .text.netif_set_ipaddr
                0x00009c0c       0xb0 ./lwip/src/core/netif.o
                0x00009c0c                netif_set_ipaddr
 .text.netif_set_gw
                0x00009cbc       0x28 ./lwip/src/core/netif.o
                0x00009cbc                netif_set_gw
 .text.netif_set_netmask
                0x00009ce4       0x28 ./lwip/src/core/netif.o
                0x00009ce4                netif_set_netmask
 .text.netif_set_default
                0x00009d0c       0x1c ./lwip/src/core/netif.o
                0x00009d0c                netif_set_default
 .text.netif_set_up
                0x00009d28       0x58 ./lwip/src/core/netif.o
                0x00009d28                netif_set_up
 .text.netif_set_down
                0x00009d80       0x44 ./lwip/src/core/netif.o
                0x00009d80                netif_set_down
 .text.pbuf_alloc
                0x00009dc4      0x2b4 ./lwip/src/core/pbuf.o
                0x00009dc4                pbuf_alloc
 .text.pbuf_alloced_custom
                0x0000a078       0xbc ./lwip/src/core/pbuf.o
                0x0000a078                pbuf_alloced_custom
 .text.pbuf_realloc
                0x0000a134      0x120 ./lwip/src/core/pbuf.o
                0x0000a134                pbuf_realloc
 .text.pbuf_header
                0x0000a254      0x100 ./lwip/src/core/pbuf.o
                0x0000a254                pbuf_header
 .text.pbuf_free
                0x0000a354      0x100 ./lwip/src/core/pbuf.o
                0x0000a354                pbuf_free
 .text.pbuf_clen
                0x0000a454       0x30 ./lwip/src/core/pbuf.o
                0x0000a454                pbuf_clen
 .text.pbuf_ref
                0x0000a484       0x24 ./lwip/src/core/pbuf.o
                0x0000a484                pbuf_ref
 .text.pbuf_cat
                0x0000a4a8       0x8c ./lwip/src/core/pbuf.o
                0x0000a4a8                pbuf_cat
 .text.pbuf_chain
                0x0000a534       0x20 ./lwip/src/core/pbuf.o
                0x0000a534                pbuf_chain
 .text.pbuf_copy
                0x0000a554      0x15c ./lwip/src/core/pbuf.o
                0x0000a554                pbuf_copy
 .text.pbuf_copy_partial
                0x0000a6b0       0xd8 ./lwip/src/core/pbuf.o
                0x0000a6b0                pbuf_copy_partial
 .text.raw_input
                0x0000a788       0xc0 ./lwip/src/core/raw.o
                0x0000a788                raw_input
 .text.raw_bind
                0x0000a848       0x2c ./lwip/src/core/raw.o
                0x0000a848                raw_bind
 .text.raw_recv
                0x0000a874       0x24 ./lwip/src/core/raw.o
                0x0000a874                raw_recv
 .text.raw_remove
                0x0000a898       0x60 ./lwip/src/core/raw.o
                0x0000a898                raw_remove
 .text.raw_new  0x0000a8f8       0x4c ./lwip/src/core/raw.o
                0x0000a8f8                raw_new
 .text.tcp_init
                0x0000a944        0xc ./lwip/src/core/tcp.o
                0x0000a944                tcp_init
 .text.tcp_tmr  0x0000a950       0x2c ./lwip/src/core/tcp.o
                0x0000a950                tcp_tmr
 .text.tcp_close_shutdown
                0x0000a97c      0x260 ./lwip/src/core/tcp.o
 .text.tcp_close
                0x0000abdc       0x30 ./lwip/src/core/tcp.o
                0x0000abdc                tcp_close
 .text.tcp_shutdown
                0x0000ac0c       0x8c ./lwip/src/core/tcp.o
                0x0000ac0c                tcp_shutdown
 .text.tcp_abandon
                0x0000ac98       0xcc ./lwip/src/core/tcp.o
                0x0000ac98                tcp_abandon
 .text.tcp_abort
                0x0000ad64       0x18 ./lwip/src/core/tcp.o
                0x0000ad64                tcp_abort
 .text.tcp_bind
                0x0000ad7c       0xe8 ./lwip/src/core/tcp.o
                0x0000ad7c                tcp_bind
 .text.tcp_accept_null
                0x0000ae64       0x20 ./lwip/src/core/tcp.o
 .text.tcp_listen_with_backlog
                0x0000ae84      0x120 ./lwip/src/core/tcp.o
                0x0000ae84                tcp_listen_with_backlog
 .text.tcp_update_rcv_ann_wnd
                0x0000afa4       0x90 ./lwip/src/core/tcp.o
                0x0000afa4                tcp_update_rcv_ann_wnd
 .text.tcp_recved
                0x0000b034       0x88 ./lwip/src/core/tcp.o
                0x0000b034                tcp_recved
 .text.tcp_new_port
                0x0000b0bc       0x8c ./lwip/src/core/tcp.o
 .text.tcp_slowtmr
                0x0000b148      0x4c0 ./lwip/src/core/tcp.o
                0x0000b148                tcp_slowtmr
 .text.tcp_fasttmr
                0x0000b608       0xa0 ./lwip/src/core/tcp.o
                0x0000b608                tcp_fasttmr
 .text.tcp_process_refused_data
                0x0000b6a8       0xc8 ./lwip/src/core/tcp.o
                0x0000b6a8                tcp_process_refused_data
 .text.tcp_segs_free
                0x0000b770       0x28 ./lwip/src/core/tcp.o
                0x0000b770                tcp_segs_free
 .text.tcp_seg_free
                0x0000b798       0x30 ./lwip/src/core/tcp.o
                0x0000b798                tcp_seg_free
 .text.tcp_recv_null
                0x0000b7c8       0x48 ./lwip/src/core/tcp.o
                0x0000b7c8                tcp_recv_null
 .text.tcp_kill_prio
                0x0000b810       0x80 ./lwip/src/core/tcp.o
 .text.tcp_kill_timewait
                0x0000b890       0x5c ./lwip/src/core/tcp.o
 .text.tcp_alloc
                0x0000b8ec      0x114 ./lwip/src/core/tcp.o
                0x0000b8ec                tcp_alloc
 .text.tcp_new  0x0000ba00       0x10 ./lwip/src/core/tcp.o
                0x0000ba00                tcp_new
 .text.tcp_arg  0x0000ba10       0x1c ./lwip/src/core/tcp.o
                0x0000ba10                tcp_arg
 .text.tcp_recv
                0x0000ba2c       0x28 ./lwip/src/core/tcp.o
                0x0000ba2c                tcp_recv
 .text.tcp_sent
                0x0000ba54       0x28 ./lwip/src/core/tcp.o
                0x0000ba54                tcp_sent
 .text.tcp_err  0x0000ba7c       0x2c ./lwip/src/core/tcp.o
                0x0000ba7c                tcp_err
 .text.tcp_accept
                0x0000baa8       0x1c ./lwip/src/core/tcp.o
                0x0000baa8                tcp_accept
 .text.tcp_poll
                0x0000bac4       0x38 ./lwip/src/core/tcp.o
                0x0000bac4                tcp_poll
 .text.tcp_pcb_purge
                0x0000bafc       0x70 ./lwip/src/core/tcp.o
                0x0000bafc                tcp_pcb_purge
 .text.tcp_pcb_remove
                0x0000bb6c       0xcc ./lwip/src/core/tcp.o
                0x0000bb6c                tcp_pcb_remove
 .text.tcp_next_iss
                0x0000bc38       0x28 ./lwip/src/core/tcp.o
                0x0000bc38                tcp_next_iss
 .text.tcp_eff_send_mss
                0x0000bc60       0x40 ./lwip/src/core/tcp.o
                0x0000bc60                tcp_eff_send_mss
 .text.tcp_input
                0x0000bca0      0x694 ./lwip/src/core/tcp_in.o
                0x0000bca0                tcp_input
 .text.tcp_listen_input
                0x0000c334      0x198 ./lwip/src/core/tcp_in.o
 .text.tcp_timewait_input
                0x0000c4cc       0xdc ./lwip/src/core/tcp_in.o
 .text.tcp_process
                0x0000c5a8      0x6f4 ./lwip/src/core/tcp_in.o
 .text.tcp_receive
                0x0000cc9c      0x9dc ./lwip/src/core/tcp_in.o
 .text.tcp_parseopt
                0x0000d678      0x100 ./lwip/src/core/tcp_in.o
 .text.tcp_output_alloc_header
                0x0000d778       0xe8 ./lwip/src/core/tcp_out.o
 .text.tcp_send_fin
                0x0000d860       0x80 ./lwip/src/core/tcp_out.o
                0x0000d860                tcp_send_fin
 .text.tcp_create_segment
                0x0000d8e0      0x108 ./lwip/src/core/tcp_out.o
 .text.tcp_pbuf_prealloc
                0x0000d9e8       0xb8 ./lwip/src/core/tcp_out.o
 .text.tcp_write_checks
                0x0000daa0       0xd0 ./lwip/src/core/tcp_out.o
 .text.tcp_write
                0x0000db70      0x548 ./lwip/src/core/tcp_out.o
                0x0000db70                tcp_write
 .text.tcp_enqueue_flags
                0x0000e0b8      0x1ec ./lwip/src/core/tcp_out.o
                0x0000e0b8                tcp_enqueue_flags
 .text.tcp_send_empty_ack
                0x0000e2a4       0x94 ./lwip/src/core/tcp_out.o
                0x0000e2a4                tcp_send_empty_ack
 .text.tcp_output
                0x0000e338      0x2cc ./lwip/src/core/tcp_out.o
                0x0000e338                tcp_output
 .text.tcp_output_segment
                0x0000e604      0x170 ./lwip/src/core/tcp_out.o
 .text.tcp_rst  0x0000e774       0xe4 ./lwip/src/core/tcp_out.o
                0x0000e774                tcp_rst
 .text.tcp_rexmit_rto
                0x0000e858       0x60 ./lwip/src/core/tcp_out.o
                0x0000e858                tcp_rexmit_rto
 .text.tcp_rexmit
                0x0000e8b8       0x94 ./lwip/src/core/tcp_out.o
                0x0000e8b8                tcp_rexmit
 .text.tcp_rexmit_fast
                0x0000e94c       0xa4 ./lwip/src/core/tcp_out.o
                0x0000e94c                tcp_rexmit_fast
 .text.tcp_keepalive
                0x0000e9f0       0x74 ./lwip/src/core/tcp_out.o
                0x0000e9f0                tcp_keepalive
 .text.tcp_zero_window_probe
                0x0000ea64      0x10c ./lwip/src/core/tcp_out.o
                0x0000ea64                tcp_zero_window_probe
 .text.udp_init
                0x0000eb70        0xc ./lwip/src/core/udp.o
                0x0000eb70                udp_init
 .text.udp_new_port
                0x0000eb7c       0x74 ./lwip/src/core/udp.o
 .text.udp_input
                0x0000ebf0      0x2c0 ./lwip/src/core/udp.o
                0x0000ebf0                udp_input
 .text.udp_sendto_if
                0x0000eeb0      0x174 ./lwip/src/core/udp.o
                0x0000eeb0                udp_sendto_if
 .text.udp_bind
                0x0000f024       0xd0 ./lwip/src/core/udp.o
                0x0000f024                udp_bind
 .text.udp_recv
                0x0000f0f4       0x24 ./lwip/src/core/udp.o
                0x0000f0f4                udp_recv
 .text.udp_remove
                0x0000f118       0x60 ./lwip/src/core/udp.o
                0x0000f118                udp_remove
 .text.udp_new  0x0000f178       0x30 ./lwip/src/core/udp.o
                0x0000f178                udp_new
 .text.netconn_new_with_proto_and_callback
                0x0000f1a8       0xb4 ./lwip/src/api/api_lib.o
                0x0000f1a8                netconn_new_with_proto_and_callback
 .text.netconn_delete
                0x0000f25c       0x3c ./lwip/src/api/api_lib.o
                0x0000f25c                netconn_delete
 .text.netconn_bind
                0x0000f298       0x68 ./lwip/src/api/api_lib.o
                0x0000f298                netconn_bind
 .text.netconn_listen_with_backlog
                0x0000f300       0x60 ./lwip/src/api/api_lib.o
                0x0000f300                netconn_listen_with_backlog
 .text.netconn_accept
                0x0000f360       0xb8 ./lwip/src/api/api_lib.o
                0x0000f360                netconn_accept
 .text.netconn_recv_data
                0x0000f418      0x138 ./lwip/src/api/api_lib.o
 .text.netconn_recv
                0x0000f550       0xec ./lwip/src/api/api_lib.o
                0x0000f550                netconn_recv
 .text.netconn_write_partly
                0x0000f63c       0xe4 ./lwip/src/api/api_lib.o
                0x0000f63c                netconn_write_partly
 .text.netconn_close_shutdown
                0x0000f720       0x64 ./lwip/src/api/api_lib.o
 .text.netconn_close
                0x0000f784       0x1c ./lwip/src/api/api_lib.o
                0x0000f784                netconn_close
 .text.recv_raw
                0x0000f7a0       0xd0 ./lwip/src/api/api_msg.o
 .text.recv_udp
                0x0000f870       0xd0 ./lwip/src/api/api_msg.o
 .text.recv_tcp
                0x0000f940       0xd0 ./lwip/src/api/api_msg.o
 .text.poll_tcp
                0x0000fa10       0x9c ./lwip/src/api/api_msg.o
 .text.sent_tcp
                0x0000faac       0x98 ./lwip/src/api/api_msg.o
 .text.err_tcp  0x0000fb44      0x11c ./lwip/src/api/api_msg.o
 .text.setup_tcp
                0x0000fc60       0x50 ./lwip/src/api/api_msg.o
 .text.accept_function
                0x0000fcb0       0xd0 ./lwip/src/api/api_msg.o
 .text.pcb_new  0x0000fd80       0xf8 ./lwip/src/api/api_msg.o
 .text.do_newconn
                0x0000fe78       0x30 ./lwip/src/api/api_msg.o
                0x0000fe78                do_newconn
 .text.netconn_alloc
                0x0000fea8       0xa8 ./lwip/src/api/api_msg.o
                0x0000fea8                netconn_alloc
 .text.netconn_free
                0x0000ff50       0x5c ./lwip/src/api/api_msg.o
                0x0000ff50                netconn_free
 .text.netconn_drain
                0x0000ffac       0xf4 ./lwip/src/api/api_msg.o
 .text.do_close_internal
                0x000100a0      0x200 ./lwip/src/api/api_msg.o
 .text.do_delconn
                0x000102a0      0x154 ./lwip/src/api/api_msg.o
                0x000102a0                do_delconn
 .text.do_bind  0x000103f4       0xbc ./lwip/src/api/api_msg.o
                0x000103f4                do_bind
 .text.do_listen
                0x000104b0      0x110 ./lwip/src/api/api_msg.o
                0x000104b0                do_listen
 .text.do_recv  0x000105c0       0x6c ./lwip/src/api/api_msg.o
                0x000105c0                do_recv
 .text.do_writemore
                0x0001062c      0x244 ./lwip/src/api/api_msg.o
 .text.do_write
                0x00010870       0xbc ./lwip/src/api/api_msg.o
                0x00010870                do_write
 .text.do_close
                0x0001092c       0xd0 ./lwip/src/api/api_msg.o
                0x0001092c                do_close
 .text.netbuf_delete
                0x000109fc       0x3c ./lwip/src/api/netbuf.o
                0x000109fc                netbuf_delete
 .text.netbuf_data
                0x00010a38       0x74 ./lwip/src/api/netbuf.o
                0x00010a38                netbuf_data
 .text.lwip_socket_init
                0x00010aac        0xc ./lwip/src/api/sockets.o
                0x00010aac                lwip_socket_init
 .text.tcpip_thread
                0x00010ab8      0x120 ./lwip/src/api/tcpip.o
 .text.tcpip_input
                0x00010bd8       0x64 ./lwip/src/api/tcpip.o
                0x00010bd8                tcpip_input
 .text.tcpip_apimsg
                0x00010c3c       0x50 ./lwip/src/api/tcpip.o
                0x00010c3c                tcpip_apimsg
 .text.tcpip_init
                0x00010c8c       0x60 ./lwip/src/api/tcpip.o
                0x00010c8c                tcpip_init
 .text.NVIC_SetPriority
                0x00010cec       0x54 ./lwip/port/ethernetif.o
 .text.ENET_ActiveRead
                0x00010d40       0x1c ./lwip/port/ethernetif.o
 .text.ethernet_callback
                0x00010d5c       0x28 ./lwip/port/ethernetif.o
                0x00010d5c                ethernet_callback
 .text.low_level_init
                0x00010d84      0x148 ./lwip/port/ethernetif.o
                0x00010d84                low_level_init
 .text.low_level_output
                0x00010ecc       0xec ./lwip/port/ethernetif.o
 .text.ethernetif_input
                0x00010fb8      0x100 ./lwip/port/ethernetif.o
                0x00010fb8                ethernetif_input
 .text.ethernetif_init
                0x000110b8       0x5c ./lwip/port/ethernetif.o
                0x000110b8                ethernetif_init
 .text.sys_assert
                0x00011114       0x20 ./lwip/port/sys_arch.o
                0x00011114                sys_assert
 .text.sys_mbox_new
                0x00011134       0x38 ./lwip/port/sys_arch.o
                0x00011134                sys_mbox_new
 .text.sys_mbox_free
                0x0001116c       0x40 ./lwip/port/sys_arch.o
                0x0001116c                sys_mbox_free
 .text.sys_mbox_post
                0x000111ac       0x2c ./lwip/port/sys_arch.o
                0x000111ac                sys_mbox_post
 .text.sys_mbox_trypost
                0x000111d8       0x94 ./lwip/port/sys_arch.o
                0x000111d8                sys_mbox_trypost
 .text.sys_arch_mbox_fetch
                0x0001126c       0x9c ./lwip/port/sys_arch.o
                0x0001126c                sys_arch_mbox_fetch
 .text.sys_arch_mbox_tryfetch
                0x00011308       0x44 ./lwip/port/sys_arch.o
                0x00011308                sys_arch_mbox_tryfetch
 .text.sys_sem_new
                0x0001134c       0x68 ./lwip/port/sys_arch.o
                0x0001134c                sys_sem_new
 .text.sys_arch_sem_wait
                0x000113b4       0x88 ./lwip/port/sys_arch.o
                0x000113b4                sys_arch_sem_wait
 .text.sys_mutex_new
                0x0001143c       0x30 ./lwip/port/sys_arch.o
                0x0001143c                sys_mutex_new
 .text.sys_mutex_lock
                0x0001146c       0x28 ./lwip/port/sys_arch.o
                0x0001146c                sys_mutex_lock
 .text.sys_mutex_unlock
                0x00011494       0x20 ./lwip/port/sys_arch.o
                0x00011494                sys_mutex_unlock
 .text.sys_sem_signal
                0x000114b4       0x20 ./lwip/port/sys_arch.o
                0x000114b4                sys_sem_signal
 .text.sys_sem_free
                0x000114d4       0x18 ./lwip/port/sys_arch.o
                0x000114d4                sys_sem_free
 .text.sys_init
                0x000114ec        0xc ./lwip/port/sys_arch.o
                0x000114ec                sys_init
 .text.sys_thread_new
                0x000114f8       0x4c ./lwip/port/sys_arch.o
                0x000114f8                sys_thread_new
 .text.pxPortInitialiseStack
                0x00011544       0x64 ./freertos/portable/port.o
                0x00011544                pxPortInitialiseStack
 .text.prvTaskExitError
                0x000115a8       0x3c ./freertos/portable/port.o
 .text.SVC_Handler
                0x000115e4       0x20 ./freertos/portable/port.o
                0x000115e4                SVC_Handler
 .text.prvPortStartFirstTask
                0x00011604       0x20 ./freertos/portable/port.o
 .text.xPortStartScheduler
                0x00011624      0x118 ./freertos/portable/port.o
                0x00011624                xPortStartScheduler
 .text.vPortEnterCritical
                0x0001173c       0x5c ./freertos/portable/port.o
                0x0001173c                vPortEnterCritical
 .text.vPortExitCritical
                0x00011798       0x4c ./freertos/portable/port.o
                0x00011798                vPortExitCritical
 .text.PendSV_Handler
                0x000117e4       0x60 ./freertos/portable/port.o
                0x000117e4                PendSV_Handler
 .text.SysTick_Handler
                0x00011844       0x44 ./freertos/portable/port.o
                0x00011844                SysTick_Handler
 .text.vPortSetupTimerInterrupt
                0x00011888       0x24 ./freertos/portable/port.o
                0x00011888                vPortSetupTimerInterrupt
 .text.vPortEnableVFP
                0x000118ac       0x14 ./freertos/portable/port.o
 .text.vPortValidateInterruptPriority
                0x000118c0       0x78 ./freertos/portable/port.o
                0x000118c0                vPortValidateInterruptPriority
 .text.pvPortMalloc
                0x00011938      0x184 ./freertos/heap_4.o
                0x00011938                pvPortMalloc
 .text.vPortFree
                0x00011abc       0xb0 ./freertos/heap_4.o
                0x00011abc                vPortFree
 .text.prvHeapInit
                0x00011b6c       0xc4 ./freertos/heap_4.o
 .text.prvInsertBlockIntoFreeList
                0x00011c30       0xb0 ./freertos/heap_4.o
 .text.vListInitialise
                0x00011ce0       0x40 ./freertos/list.o
                0x00011ce0                vListInitialise
 .text.vListInitialiseItem
                0x00011d20       0x18 ./freertos/list.o
                0x00011d20                vListInitialiseItem
 .text.vListInsertEnd
                0x00011d38       0x48 ./freertos/list.o
                0x00011d38                vListInsertEnd
 .text.vListInsert
                0x00011d80       0x70 ./freertos/list.o
                0x00011d80                vListInsert
 .text.uxListRemove
                0x00011df0       0x54 ./freertos/list.o
                0x00011df0                uxListRemove
 .text.xQueueGenericReset
                0x00011e44       0xd0 ./freertos/queue.o
                0x00011e44                xQueueGenericReset
 .text.xQueueGenericCreate
                0x00011f14       0xb4 ./freertos/queue.o
                0x00011f14                xQueueGenericCreate
 .text.xQueueCreateMutex
                0x00011fc8       0x84 ./freertos/queue.o
                0x00011fc8                xQueueCreateMutex
 .text.xQueueGenericSend
                0x0001204c      0x1ec ./freertos/queue.o
                0x0001204c                xQueueGenericSend
 .text.xQueueGenericSendFromISR
                0x00012238      0x118 ./freertos/queue.o
                0x00012238                xQueueGenericSendFromISR
 .text.xQueueGenericReceive
                0x00012350      0x20c ./freertos/queue.o
                0x00012350                xQueueGenericReceive
 .text.uxQueueMessagesWaiting
                0x0001255c       0x3c ./freertos/queue.o
                0x0001255c                uxQueueMessagesWaiting
 .text.vQueueDelete
                0x00012598       0x38 ./freertos/queue.o
                0x00012598                vQueueDelete
 .text.prvCopyDataToQueue
                0x000125d0       0xdc ./freertos/queue.o
 .text.prvCopyDataFromQueue
                0x000126ac       0x4c ./freertos/queue.o
 .text.prvUnlockQueue
                0x000126f8       0x98 ./freertos/queue.o
 .text.prvIsQueueEmpty
                0x00012790       0x2c ./freertos/queue.o
 .text.prvIsQueueFull
                0x000127bc       0x30 ./freertos/queue.o
 .text.xQueueIsQueueFullFromISR
                0x000127ec       0x48 ./freertos/queue.o
                0x000127ec                xQueueIsQueueFullFromISR
 .text.vQueueAddToRegistry
                0x00012834       0x50 ./freertos/queue.o
                0x00012834                vQueueAddToRegistry
 .text.vQueueUnregisterQueue
                0x00012884       0x44 ./freertos/queue.o
                0x00012884                vQueueUnregisterQueue
 .text.vQueueWaitForMessageRestricted
                0x000128c8       0x5c ./freertos/queue.o
                0x000128c8                vQueueWaitForMessageRestricted
 .text.xTaskGenericCreate
                0x00012924      0x1a0 ./freertos/tasks.o
                0x00012924                xTaskGenericCreate
 .text.vTaskStartScheduler
                0x00012ac4       0x98 ./freertos/tasks.o
                0x00012ac4                vTaskStartScheduler
 .text.vTaskSuspendAll
                0x00012b5c       0x1c ./freertos/tasks.o
                0x00012b5c                vTaskSuspendAll
 .text.xTaskResumeAll
                0x00012b78      0x128 ./freertos/tasks.o
                0x00012b78                xTaskResumeAll
 .text.xTaskGetTickCount
                0x00012ca0       0x20 ./freertos/tasks.o
                0x00012ca0                xTaskGetTickCount
 .text.xTaskIncrementTick
                0x00012cc0      0x15c ./freertos/tasks.o
                0x00012cc0                xTaskIncrementTick
 .text.vTaskSwitchContext
                0x00012e1c       0xb4 ./freertos/tasks.o
                0x00012e1c                vTaskSwitchContext
 .text.vTaskPlaceOnEventList
                0x00012ed0       0x9c ./freertos/tasks.o
                0x00012ed0                vTaskPlaceOnEventList
 .text.vTaskPlaceOnEventListRestricted
                0x00012f6c       0x9c ./freertos/tasks.o
                0x00012f6c                vTaskPlaceOnEventListRestricted
 .text.xTaskRemoveFromEventList
                0x00013008       0xc4 ./freertos/tasks.o
                0x00013008                xTaskRemoveFromEventList
 .text.vTaskSetTimeOutState
                0x000130cc       0x44 ./freertos/tasks.o
                0x000130cc                vTaskSetTimeOutState
 .text.xTaskCheckForTimeOut
                0x00013110       0xbc ./freertos/tasks.o
                0x00013110                xTaskCheckForTimeOut
 .text.vTaskMissedYield
                0x000131cc       0x18 ./freertos/tasks.o
                0x000131cc                vTaskMissedYield
 .text.prvIdleTask
                0x000131e4       0x30 ./freertos/tasks.o
 .text.prvInitialiseTCBVariables
                0x00013214       0xa4 ./freertos/tasks.o
 .text.prvInitialiseTaskLists
                0x000132b8       0x7c ./freertos/tasks.o
 .text.prvCheckTasksWaitingTermination
                0x00013334       0x74 ./freertos/tasks.o
 .text.prvAddCurrentTaskToDelayedList
                0x000133a8       0x6c ./freertos/tasks.o
 .text.prvAllocateTCBAndStack
                0x00013414       0x70 ./freertos/tasks.o
 .text.prvDeleteTCB
                0x00013484       0x20 ./freertos/tasks.o
 .text.prvResetNextTaskUnblockTime
                0x000134a4       0x48 ./freertos/tasks.o
 .text.xTaskGetSchedulerState
                0x000134ec       0x3c ./freertos/tasks.o
                0x000134ec                xTaskGetSchedulerState
 .text.vTaskPriorityInherit
                0x00013528       0xec ./freertos/tasks.o
                0x00013528                vTaskPriorityInherit
 .text.xTaskPriorityDisinherit
                0x00013614      0x108 ./freertos/tasks.o
                0x00013614                xTaskPriorityDisinherit
 .text.pvTaskIncrementMutexHeldCount
                0x0001371c       0x28 ./freertos/tasks.o
                0x0001371c                pvTaskIncrementMutexHeldCount
 .text.xTimerCreateTimerTask
                0x00013744       0x64 ./freertos/timers.o
                0x00013744                xTimerCreateTimerTask
 .text.xTimerGenericCommand
                0x000137a8       0xa4 ./freertos/timers.o
                0x000137a8                xTimerGenericCommand
 .text.prvProcessExpiredTimer
                0x0001384c       0x80 ./freertos/timers.o
 .text.prvTimerTask
                0x000138cc       0x24 ./freertos/timers.o
 .text.prvProcessTimerOrBlockTask
                0x000138f0       0x9c ./freertos/timers.o
 .text.prvGetNextExpireTime
                0x0001398c       0x48 ./freertos/timers.o
 .text.prvSampleTimeNow
                0x000139d4       0x40 ./freertos/timers.o
 .text.prvInsertTimerInActiveList
                0x00013a14       0x84 ./freertos/timers.o
 .text.prvProcessReceivedCommands
                0x00013a98      0x12c ./freertos/timers.o
 .text.prvSwitchTimerLists
                0x00013bc4       0xc0 ./freertos/timers.o
 .text.prvCheckForValidListAndQueue
                0x00013c84       0x8c ./freertos/timers.o
 .text.CLOCK_SetEr32kClock
                0x00013d10       0x2c ./drivers/fsl_clock.o
 .text.CLOCK_SetPllFllSelClock
                0x00013d3c       0x38 ./drivers/fsl_clock.o
 .text.OSC_SetExtRefClkConfig
                0x00013d74       0x34 ./drivers/fsl_clock.o
 .text.OSC_SetCapLoad
                0x00013da8       0x34 ./drivers/fsl_clock.o
 .text.CLOCK_GetMcgExtClkFreq
                0x00013ddc       0x8c ./drivers/fsl_clock.o
 .text.CLOCK_GetFllExtRefClkFreq
                0x00013e68       0xc8 ./drivers/fsl_clock.o
 .text.CLOCK_GetInternalRefClkSelectFreq
                0x00013f30       0x44 ./drivers/fsl_clock.o
 .text.CLOCK_GetFllRefClkFreq
                0x00013f74       0x2c ./drivers/fsl_clock.o
 .text.CLOCK_GetPll0RefFreq
                0x00013fa0       0x10 ./drivers/fsl_clock.o
 .text.CLOCK_GetOscRangeFromFreq
                0x00013fb0       0x3c ./drivers/fsl_clock.o
 .text.CLOCK_GetOsc0ErClkFreq
                0x00013fec       0x48 ./drivers/fsl_clock.o
                0x00013fec                CLOCK_GetOsc0ErClkFreq
 .text.CLOCK_GetEr32kClkFreq
                0x00014034       0x80 ./drivers/fsl_clock.o
                0x00014034                CLOCK_GetEr32kClkFreq
 .text.CLOCK_GetPllFllSelClkFreq
                0x000140b4       0x54 ./drivers/fsl_clock.o
                0x000140b4                CLOCK_GetPllFllSelClkFreq
 .text.CLOCK_GetCoreSysClkFreq
                0x00014108       0x24 ./drivers/fsl_clock.o
                0x00014108                CLOCK_GetCoreSysClkFreq
 .text.CLOCK_GetFreq
                0x0001412c      0x144 ./drivers/fsl_clock.o
                0x0001412c                CLOCK_GetFreq
 .text.CLOCK_SetSimConfig
                0x00014270       0x34 ./drivers/fsl_clock.o
                0x00014270                CLOCK_SetSimConfig
 .text.CLOCK_GetOutClkFreq
                0x000142a4       0x64 ./drivers/fsl_clock.o
                0x000142a4                CLOCK_GetOutClkFreq
 .text.CLOCK_GetFllFreq
                0x00014308       0x74 ./drivers/fsl_clock.o
                0x00014308                CLOCK_GetFllFreq
 .text.CLOCK_GetInternalRefClkFreq
                0x0001437c       0x24 ./drivers/fsl_clock.o
                0x0001437c                CLOCK_GetInternalRefClkFreq
 .text.CLOCK_GetFixedFreqClkFreq
                0x000143a0       0x30 ./drivers/fsl_clock.o
                0x000143a0                CLOCK_GetFixedFreqClkFreq
 .text.CLOCK_GetPll0Freq
                0x000143d0       0x58 ./drivers/fsl_clock.o
                0x000143d0                CLOCK_GetPll0Freq
 .text.CLOCK_SetExternalRefClkConfig
                0x00014428       0x90 ./drivers/fsl_clock.o
                0x00014428                CLOCK_SetExternalRefClkConfig
 .text.CLOCK_SetInternalRefClkConfig
                0x000144b8      0x104 ./drivers/fsl_clock.o
                0x000144b8                CLOCK_SetInternalRefClkConfig
 .text.CLOCK_EnablePll0
                0x000145bc       0x94 ./drivers/fsl_clock.o
                0x000145bc                CLOCK_EnablePll0
 .text.CLOCK_InitOsc0
                0x00014650       0x8c ./drivers/fsl_clock.o
                0x00014650                CLOCK_InitOsc0
 .text.CLOCK_SetPbeMode
                0x000146dc       0x98 ./drivers/fsl_clock.o
                0x000146dc                CLOCK_SetPbeMode
 .text.CLOCK_BootToPeeMode
                0x00014774       0x74 ./drivers/fsl_clock.o
                0x00014774                CLOCK_BootToPeeMode
 .text.__assert_func
                0x000147e8       0x28 ./drivers/fsl_common.o
                0x000147e8                __assert_func
 .text.NVIC_EnableIRQ
                0x00014810       0x30 ./drivers/fsl_enet.o
 .text.CLOCK_EnableClock
                0x00014840       0x34 ./drivers/fsl_enet.o
 .text.EnableIRQ
                0x00014874       0x1c ./drivers/fsl_enet.o
 .text.ENET_Reset
                0x00014890       0x20 ./drivers/fsl_enet.o
 .text.ENET_GetSMI
                0x000148b0       0x28 ./drivers/fsl_enet.o
 .text.ENET_EnableSleepMode
                0x000148d8       0x38 ./drivers/fsl_enet.o
 .text.ENET_EnableInterrupts
                0x00014910       0x20 ./drivers/fsl_enet.o
 .text.ENET_GetInstance
                0x00014930       0x54 ./drivers/fsl_enet.o
                0x00014930                ENET_GetInstance
 .text.ENET_GetDefaultConfig
                0x00014984       0x54 ./drivers/fsl_enet.o
                0x00014984                ENET_GetDefaultConfig
 .text.ENET_Init
                0x000149d8      0x234 ./drivers/fsl_enet.o
                0x000149d8                ENET_Init
 .text.ENET_SetCallback
                0x00014c0c       0x40 ./drivers/fsl_enet.o
                0x00014c0c                ENET_SetCallback
 .text.ENET_SetMacController
                0x00014c4c      0x2b8 ./drivers/fsl_enet.o
 .text.ENET_SetTxBufferDescriptors
                0x00014f04       0xa4 ./drivers/fsl_enet.o
 .text.ENET_SetRxBufferDescriptors
                0x00014fa8       0xa8 ./drivers/fsl_enet.o
 .text.ENET_SetMacAddr
                0x00015050       0x5c ./drivers/fsl_enet.o
                0x00015050                ENET_SetMacAddr
 .text.ENET_SetSMI
                0x000150ac       0x94 ./drivers/fsl_enet.o
                0x000150ac                ENET_SetSMI
 .text.ENET_StartSMIWrite
                0x00015140       0x50 ./drivers/fsl_enet.o
                0x00015140                ENET_StartSMIWrite
 .text.ENET_StartSMIRead
                0x00015190       0x48 ./drivers/fsl_enet.o
                0x00015190                ENET_StartSMIRead
 .text.ENET_GetRxErrBeforeReadFrame
                0x000151d8      0x110 ./drivers/fsl_enet.o
                0x000151d8                ENET_GetRxErrBeforeReadFrame
 .text.ENET_GetRxFrameSize
                0x000152e8       0xf0 ./drivers/fsl_enet.o
                0x000152e8                ENET_GetRxFrameSize
 .text.ENET_ReadFrame
                0x000153d8      0x188 ./drivers/fsl_enet.o
                0x000153d8                ENET_ReadFrame
 .text.ENET_UpdateReadBuffers
                0x00015560       0x98 ./drivers/fsl_enet.o
 .text.ENET_SendFrame
                0x000155f8      0x1dc ./drivers/fsl_enet.o
                0x000155f8                ENET_SendFrame
 .text.ENET_TransmitIRQHandler
                0x000157d4       0x5c ./drivers/fsl_enet.o
                0x000157d4                ENET_TransmitIRQHandler
 .text.ENET_ReceiveIRQHandler
                0x00015830       0x5c ./drivers/fsl_enet.o
                0x00015830                ENET_ReceiveIRQHandler
 .text.ENET_ErrorIRQHandler
                0x0001588c       0x98 ./drivers/fsl_enet.o
                0x0001588c                ENET_ErrorIRQHandler
 .text.ENET_Transmit_IRQHandler
                0x00015924       0x1c ./drivers/fsl_enet.o
                0x00015924                ENET_Transmit_IRQHandler
 .text.ENET_Receive_IRQHandler
                0x00015940       0x1c ./drivers/fsl_enet.o
                0x00015940                ENET_Receive_IRQHandler
 .text.ENET_Error_IRQHandler
                0x0001595c       0x1c ./drivers/fsl_enet.o
                0x0001595c                ENET_Error_IRQHandler
 .text.ENET_1588_Timer_IRQHandler
                0x00015978        0xc ./drivers/fsl_enet.o
                0x00015978                ENET_1588_Timer_IRQHandler
 .text.NVIC_EnableIRQ
                0x00015984       0x30 ./drivers/fsl_sdhc.o
 .text.NVIC_DisableIRQ
                0x000159b4       0x34 ./drivers/fsl_sdhc.o
 .text.CLOCK_EnableClock
                0x000159e8       0x34 ./drivers/fsl_sdhc.o
 .text.CLOCK_DisableClock
                0x00015a1c       0x38 ./drivers/fsl_sdhc.o
 .text.EnableIRQ
                0x00015a54       0x1c ./drivers/fsl_sdhc.o
 .text.DisableIRQ
                0x00015a70       0x1c ./drivers/fsl_sdhc.o
 .text.SDHC_EnableInterruptStatus
                0x00015a8c       0x20 ./drivers/fsl_sdhc.o
 .text.SDHC_DisableInterruptStatus
                0x00015aac       0x24 ./drivers/fsl_sdhc.o
 .text.SDHC_EnableInterruptSignal
                0x00015ad0       0x20 ./drivers/fsl_sdhc.o
 .text.SDHC_DisableInterruptSignal
                0x00015af0       0x24 ./drivers/fsl_sdhc.o
 .text.SDHC_GetInterruptStatusFlags
                0x00015b14       0x18 ./drivers/fsl_sdhc.o
 .text.SDHC_ClearInterruptStatusFlags
                0x00015b2c       0x1c ./drivers/fsl_sdhc.o
 .text.SDHC_GetPresentStatusFlags
                0x00015b48       0x18 ./drivers/fsl_sdhc.o
 .text.SDHC_GetCommandResponse
                0x00015b60       0x3c ./drivers/fsl_sdhc.o
 .text.SDHC_WriteData
                0x00015b9c       0x1c ./drivers/fsl_sdhc.o
 .text.SDHC_ReadData
                0x00015bb8       0x18 ./drivers/fsl_sdhc.o
 .text.SDHC_GetInstance
                0x00015bd0       0x50 ./drivers/fsl_sdhc.o
 .text.SDHC_SetTransferInterrupt
                0x00015c20       0xa8 ./drivers/fsl_sdhc.o
 .text.SDHC_StartTransfer
                0x00015cc8      0x188 ./drivers/fsl_sdhc.o
 .text.SDHC_ReceiveCommandResponse
                0x00015e50       0xd8 ./drivers/fsl_sdhc.o
 .text.SDHC_ReadDataPort
                0x00015f28       0xac ./drivers/fsl_sdhc.o
 .text.SDHC_WriteDataPort
                0x00015fd4       0xb0 ./drivers/fsl_sdhc.o
 .text.SDHC_TransferHandleCardDetect
                0x00016084       0x5c ./drivers/fsl_sdhc.o
 .text.SDHC_TransferHandleCommand
                0x000160e0       0x94 ./drivers/fsl_sdhc.o
 .text.SDHC_TransferHandleData
                0x00016174       0xf8 ./drivers/fsl_sdhc.o
 .text.SDHC_TransferHandleSdioInterrupt
                0x0001626c       0x1c ./drivers/fsl_sdhc.o
 .text.SDHC_TransferHandleSdioBlockGap
                0x00016288       0x1c ./drivers/fsl_sdhc.o
 .text.SDHC_Init
                0x000162a4       0xe8 ./drivers/fsl_sdhc.o
                0x000162a4                SDHC_Init
 .text.SDHC_Deinit
                0x0001638c       0x20 ./drivers/fsl_sdhc.o
                0x0001638c                SDHC_Deinit
 .text.SDHC_Reset
                0x000163ac       0x50 ./drivers/fsl_sdhc.o
                0x000163ac                SDHC_Reset
 .text.SDHC_GetCapability
                0x000163fc       0x88 ./drivers/fsl_sdhc.o
                0x000163fc                SDHC_GetCapability
 .text.SDHC_SetSdClock
                0x00016484      0x104 ./drivers/fsl_sdhc.o
                0x00016484                SDHC_SetSdClock
 .text.SDHC_SetCardActive
                0x00016588       0x4c ./drivers/fsl_sdhc.o
                0x00016588                SDHC_SetCardActive
 .text.SDHC_SetTransferConfig
                0x000165d4       0x74 ./drivers/fsl_sdhc.o
                0x000165d4                SDHC_SetTransferConfig
 .text.SDHC_SetAdmaTableConfig
                0x00016648      0x13c ./drivers/fsl_sdhc.o
                0x00016648                SDHC_SetAdmaTableConfig
 .text.SDHC_TransferCreateHandle
                0x00016784       0xb0 ./drivers/fsl_sdhc.o
                0x00016784                SDHC_TransferCreateHandle
 .text.SDHC_TransferNonBlocking
                0x00016834      0x10c ./drivers/fsl_sdhc.o
                0x00016834                SDHC_TransferNonBlocking
 .text.SDHC_TransferHandleIRQ
                0x00016940       0xbc ./drivers/fsl_sdhc.o
                0x00016940                SDHC_TransferHandleIRQ
 .text.SDHC_DriverIRQHandler
                0x000169fc       0x3c ./drivers/fsl_sdhc.o
                0x000169fc                SDHC_DriverIRQHandler
 .text.CLOCK_EnableClock
                0x00016a38       0x34 ./drivers/fsl_uart.o
 .text.UART_GetInstance
                0x00016a6c       0x60 ./drivers/fsl_uart.o
                0x00016a6c                UART_GetInstance
 .text.UART_Init
                0x00016acc      0x250 ./drivers/fsl_uart.o
                0x00016acc                UART_Init
 .text.UART_GetDefaultConfig
                0x00016d1c       0x5c ./drivers/fsl_uart.o
                0x00016d1c                UART_GetDefaultConfig
 .text.UART_GetStatusFlags
                0x00016d78       0x48 ./drivers/fsl_uart.o
                0x00016d78                UART_GetStatusFlags
 .text.UART_WriteBlocking
                0x00016dc0       0x40 ./drivers/fsl_uart.o
                0x00016dc0                UART_WriteBlocking
 .text.UART_ReadBlocking
                0x00016e00       0x84 ./drivers/fsl_uart.o
                0x00016e00                UART_ReadBlocking
 .text.UART0_DriverIRQHandler
                0x00016e84       0x20 ./drivers/fsl_uart.o
                0x00016e84                UART0_DriverIRQHandler
 .text.UART0_RX_TX_DriverIRQHandler
                0x00016ea4        0xc ./drivers/fsl_uart.o
                0x00016ea4                UART0_RX_TX_DriverIRQHandler
 .text.UART1_DriverIRQHandler
                0x00016eb0       0x20 ./drivers/fsl_uart.o
                0x00016eb0                UART1_DriverIRQHandler
 .text.UART1_RX_TX_DriverIRQHandler
                0x00016ed0        0xc ./drivers/fsl_uart.o
                0x00016ed0                UART1_RX_TX_DriverIRQHandler
 .text.UART2_DriverIRQHandler
                0x00016edc       0x20 ./drivers/fsl_uart.o
                0x00016edc                UART2_DriverIRQHandler
 .text.UART2_RX_TX_DriverIRQHandler
                0x00016efc        0xc ./drivers/fsl_uart.o
                0x00016efc                UART2_RX_TX_DriverIRQHandler
 .text.UART3_DriverIRQHandler
                0x00016f08       0x20 ./drivers/fsl_uart.o
                0x00016f08                UART3_DriverIRQHandler
 .text.UART3_RX_TX_DriverIRQHandler
                0x00016f28        0xc ./drivers/fsl_uart.o
                0x00016f28                UART3_RX_TX_DriverIRQHandler
 .text.UART4_DriverIRQHandler
                0x00016f34       0x20 ./drivers/fsl_uart.o
                0x00016f34                UART4_DriverIRQHandler
 .text.UART4_RX_TX_DriverIRQHandler
                0x00016f54        0xc ./drivers/fsl_uart.o
                0x00016f54                UART4_RX_TX_DriverIRQHandler
 .text.UART5_DriverIRQHandler
                0x00016f60       0x20 ./drivers/fsl_uart.o
                0x00016f60                UART5_DriverIRQHandler
 .text.UART5_RX_TX_DriverIRQHandler
                0x00016f80        0xc ./drivers/fsl_uart.o
                0x00016f80                UART5_RX_TX_DriverIRQHandler
 .text.BOARD_InitDebugConsole
                0x00016f8c       0x24 ./board/board.o
                0x00016f8c                BOARD_InitDebugConsole
 .text.CLOCK_SetXtal0Freq
                0x00016fb0       0x1c ./board/clock_config.o
 .text.CLOCK_SetSimSafeDivs
                0x00016fcc       0x20 ./board/clock_config.o
 .text.BOARD_BootClockRUN
                0x00016fec       0x58 ./board/clock_config.o
                0x00016fec                BOARD_BootClockRUN
 .text.CLOCK_EnableClock
                0x00017044       0x34 ./board/fsl_phy.o
 .text.ENET_ReadSMIData
                0x00017078       0x1c ./board/fsl_phy.o
 .text.ENET_GetInterruptStatus
                0x00017094       0x18 ./board/fsl_phy.o
 .text.ENET_ClearInterruptStatus
                0x000170ac       0x1c ./board/fsl_phy.o
 .text.PHY_Init
                0x000170c8       0xc4 ./board/fsl_phy.o
                0x000170c8                PHY_Init
 .text.PHY_Write
                0x0001718c       0x70 ./board/fsl_phy.o
                0x0001718c                PHY_Write
 .text.PHY_Read
                0x000171fc       0x98 ./board/fsl_phy.o
                0x000171fc                PHY_Read
 .text.PHY_GetLinkStatus
                0x00017294       0x68 ./board/fsl_phy.o
                0x00017294                PHY_GetLinkStatus
 .text.PHY_GetLinkSpeedDuplex
                0x000172fc       0x98 ./board/fsl_phy.o
                0x000172fc                PHY_GetLinkSpeedDuplex
 .text.CLOCK_EnableClock
                0x00017394       0x34 ./board/pin_mux.o
 .text.PORT_SetPinConfig
                0x000173c8       0x44 ./board/pin_mux.o
 .text.PORT_SetPinMux
                0x0001740c       0x38 ./board/pin_mux.o
 .text.BOARD_InitPins
                0x00017444       0xf8 ./board/pin_mux.o
                0x00017444                BOARD_InitPins
 .text.BOARD_InitPinsSDCard
                0x0001753c       0xa8 ./board/pin_mux.o
                0x0001753c                BOARD_InitPinsSDCard
 .text.disk_status
                0x000175e4       0x2c ./FATFS_Sources/diskio.o
                0x000175e4                disk_status
 .text.disk_initialize
                0x00017610       0x2c ./FATFS_Sources/diskio.o
                0x00017610                disk_initialize
 .text.disk_read
                0x0001763c       0x3c ./FATFS_Sources/diskio.o
                0x0001763c                disk_read
 .text.disk_write
                0x00017678       0x3c ./FATFS_Sources/diskio.o
                0x00017678                disk_write
 .text.NVIC_SetPriority
                0x000176b4       0x54 ./FATFS_Sources/event.o
 .text.SysTick_Config
                0x00017708       0x44 ./FATFS_Sources/event.o
 .text.EVENT_InitTimer
                0x0001774c       0x20 ./FATFS_Sources/event.o
                0x0001774c                EVENT_InitTimer
 .text.EVENT_GetInstance
                0x0001776c       0x30 ./FATFS_Sources/event.o
 .text.EVENT_Create
                0x0001779c       0x30 ./FATFS_Sources/event.o
                0x0001779c                EVENT_Create
 .text.EVENT_Wait
                0x000177cc       0x68 ./FATFS_Sources/event.o
                0x000177cc                EVENT_Wait
 .text.EVENT_Notify
                0x00017834       0x30 ./FATFS_Sources/event.o
                0x00017834                EVENT_Notify
 .text.EVENT_Delete
                0x00017864       0x28 ./FATFS_Sources/event.o
                0x00017864                EVENT_Delete
 .text.mem_cpy  0x0001788c       0x3c ./FATFS_Sources/ff.o
 .text.mem_set  0x000178c8       0x34 ./FATFS_Sources/ff.o
 .text.mem_cmp  0x000178fc       0x50 ./FATFS_Sources/ff.o
 .text.chk_chr  0x0001794c       0x38 ./FATFS_Sources/ff.o
 .text.sync_window
                0x00017984       0x8c ./FATFS_Sources/ff.o
 .text.move_window
                0x00017a10       0x5c ./FATFS_Sources/ff.o
 .text.clust2sect
                0x00017a6c       0x3c ./FATFS_Sources/ff.o
                0x00017a6c                clust2sect
 .text.get_fat  0x00017aa8      0x168 ./FATFS_Sources/ff.o
                0x00017aa8                get_fat
 .text.put_fat  0x00017c10      0x208 ./FATFS_Sources/ff.o
                0x00017c10                put_fat
 .text.remove_chain
                0x00017e18       0xa4 ./FATFS_Sources/ff.o
 .text.create_chain
                0x00017ebc      0x12c ./FATFS_Sources/ff.o
 .text.dir_sdi  0x00017fe8      0x100 ./FATFS_Sources/ff.o
 .text.dir_next
                0x000180e8      0x1a8 ./FATFS_Sources/ff.o
 .text.dir_alloc
                0x00018290       0x8c ./FATFS_Sources/ff.o
 .text.ld_clust
                0x0001831c       0x58 ./FATFS_Sources/ff.o
 .text.st_clust
                0x00018374       0x4c ./FATFS_Sources/ff.o
 .text.dir_find
                0x000183c0       0x94 ./FATFS_Sources/ff.o
 .text.dir_register
                0x00018454       0x68 ./FATFS_Sources/ff.o
 .text.get_fileinfo
                0x000184bc       0xdc ./FATFS_Sources/ff.o
 .text.create_name
                0x00018598      0x2b8 ./FATFS_Sources/ff.o
 .text.follow_path
                0x00018850      0x108 ./FATFS_Sources/ff.o
 .text.get_ldnumber
                0x00018958       0x98 ./FATFS_Sources/ff.o
 .text.check_fs
                0x000189f0       0xc0 ./FATFS_Sources/ff.o
 .text.find_volume
                0x00018ab0      0x560 ./FATFS_Sources/ff.o
 .text.validate
                0x00019010       0x58 ./FATFS_Sources/ff.o
 .text.f_mount  0x00019068       0x88 ./FATFS_Sources/ff.o
                0x00019068                f_mount
 .text.f_open   0x000190f0      0x2bc ./FATFS_Sources/ff.o
                0x000190f0                f_open
 .text.f_read   0x000193ac      0x27c ./FATFS_Sources/ff.o
                0x000193ac                f_read
 .text.f_chdrive
                0x00019628       0x34 ./FATFS_Sources/ff.o
                0x00019628                f_chdrive
 .text.f_stat   0x0001965c       0x78 ./FATFS_Sources/ff.o
                0x0001965c                f_stat
 .text.sd_disk_write
                0x000196d4       0x40 ./FATFS_Sources/fsl_sd_disk.o
                0x000196d4                sd_disk_write
 .text.sd_disk_read
                0x00019714       0x40 ./FATFS_Sources/fsl_sd_disk.o
                0x00019714                sd_disk_read
 .text.sd_disk_status
                0x00019754       0x24 ./FATFS_Sources/fsl_sd_disk.o
                0x00019754                sd_disk_status
 .text.sdhc_transfer_complete_callback
                0x00019778       0x34 ./FATFS_Sources/fsl_sd_disk.o
                0x00019778                sdhc_transfer_complete_callback
 .text.sdhc_transfer_function
                0x000197ac       0x68 ./FATFS_Sources/fsl_sd_disk.o
 .text.sd_disk_initialize
                0x00019814      0x12c ./FATFS_Sources/fsl_sd_disk.o
                0x00019814                sd_disk_initialize
 .text.modf     0x00019940       0xa4 c:/freescale/kds_v3/toolchain/bin/../lib/gcc/arm-none-eabi/4.8.4/../../../../arm-none-eabi/lib/armv7e-m/fpu\libm.a(lib_a-s_modf.o)
                0x00019940                modf
 .text.pow      0x000199e4      0x340 c:/freescale/kds_v3/toolchain/bin/../lib/gcc/arm-none-eabi/4.8.4/../../../../arm-none-eabi/lib/armv7e-m/fpu\libm.a(lib_a-w_pow.o)
                0x000199e4                pow
 *fill*         0x00019d24        0x4 
 .text.__ieee754_pow
                0x00019d28      0xae8 c:/freescale/kds_v3/toolchain/bin/../lib/gcc/arm-none-eabi/4.8.4/../../../../arm-none-eabi/lib/armv7e-m/fpu\libm.a(lib_a-e_pow.o)
                0x00019d28                __ieee754_pow
 .text.__ieee754_sqrt
                0x0001a810      0x198 c:/freescale/kds_v3/toolchain/bin/../lib/gcc/arm-none-eabi/4.8.4/../../../../arm-none-eabi/lib/armv7e-m/fpu\libm.a(lib_a-e_sqrt.o)
                0x0001a810                __ieee754_sqrt
 .text.fabs     0x0001a9a8       0x14 c:/freescale/kds_v3/toolchain/bin/../lib/gcc/arm-none-eabi/4.8.4/../../../../arm-none-eabi/lib/armv7e-m/fpu\libm.a(lib_a-s_fabs.o)
                0x0001a9a8                fabs
 .text.finite   0x0001a9bc       0x10 c:/freescale/kds_v3/toolchain/bin/../lib/gcc/arm-none-eabi/4.8.4/../../../../arm-none-eabi/lib/armv7e-m/fpu\libm.a(lib_a-s_finite.o)
                0x0001a9bc                finite
 .text.__fpclassifyd
                0x0001a9cc       0x54 c:/freescale/kds_v3/toolchain/bin/../lib/gcc/arm-none-eabi/4.8.4/../../../../arm-none-eabi/lib/armv7e-m/fpu\libm.a(lib_a-s_fpclassify.o)
                0x0001a9cc                __fpclassifyd
 .text.matherr  0x0001aa20        0x4 c:/freescale/kds_v3/toolchain/bin/../lib/gcc/arm-none-eabi/4.8.4/../../../../arm-none-eabi/lib/armv7e-m/fpu\libm.a(lib_a-s_matherr.o)
                0x0001aa20                matherr
 *fill*         0x0001aa24        0x4 
 .text.nan      0x0001aa28       0x10 c:/freescale/kds_v3/toolchain/bin/../lib/gcc/arm-none-eabi/4.8.4/../../../../arm-none-eabi/lib/armv7e-m/fpu\libm.a(lib_a-s_nan.o)
                0x0001aa28                nan
 .text.rint     0x0001aa38      0x120 c:/freescale/kds_v3/toolchain/bin/../lib/gcc/arm-none-eabi/4.8.4/../../../../arm-none-eabi/lib/armv7e-m/fpu\libm.a(lib_a-s_rint.o)
                0x0001aa38                rint
 .text.scalbn   0x0001ab58      0x120 c:/freescale/kds_v3/toolchain/bin/../lib/gcc/arm-none-eabi/4.8.4/../../../../arm-none-eabi/lib/armv7e-m/fpu\libm.a(lib_a-s_scalbn.o)
                0x0001ab58                scalbn
 .text.copysign
                0x0001ac78       0x24 c:/freescale/kds_v3/toolchain/bin/../lib/gcc/arm-none-eabi/4.8.4/../../../../arm-none-eabi/lib/armv7e-m/fpu\libm.a(lib_a-s_copysign.o)
                0x0001ac78                copysign
 .text.__errno  0x0001ac9c        0xc c:/freescale/kds_v3/toolchain/bin/../lib/gcc/arm-none-eabi/4.8.4/../../../../arm-none-eabi/lib/armv7e-m/fpu\libg_s.a(lib_a-errno.o)
                0x0001ac9c                __errno
 .text.exit     0x0001aca8       0x28 c:/freescale/kds_v3/toolchain/bin/../lib/gcc/arm-none-eabi/4.8.4/../../../../arm-none-eabi/lib/armv7e-m/fpu\libg_s.a(lib_a-exit.o)
                0x0001aca8                exit
 .text.__libc_init_array
                0x0001acd0       0x4c c:/freescale/kds_v3/toolchain/bin/../lib/gcc/arm-none-eabi/4.8.4/../../../../arm-none-eabi/lib/armv7e-m/fpu\libg_s.a(lib_a-init.o)
                0x0001acd0                __libc_init_array
 .text.memcmp   0x0001ad1c       0x1e c:/freescale/kds_v3/toolchain/bin/../lib/gcc/arm-none-eabi/4.8.4/../../../../arm-none-eabi/lib/armv7e-m/fpu\libg_s.a(lib_a-memcmp.o)
                0x0001ad1c                memcmp
 .text.memcpy   0x0001ad3a       0x12 c:/freescale/kds_v3/toolchain/bin/../lib/gcc/arm-none-eabi/4.8.4/../../../../arm-none-eabi/lib/armv7e-m/fpu\libg_s.a(lib_a-memcpy-stub.o)
                0x0001ad3a                memcpy
 .text.memset   0x0001ad4c       0x10 c:/freescale/kds_v3/toolchain/bin/../lib/gcc/arm-none-eabi/4.8.4/../../../../arm-none-eabi/lib/armv7e-m/fpu\libg_s.a(lib_a-memset.o)
                0x0001ad4c                memset
 .text.printf   0x0001ad5c       0x30 c:/freescale/kds_v3/toolchain/bin/../lib/gcc/arm-none-eabi/4.8.4/../../../../arm-none-eabi/lib/armv7e-m/fpu\libg_s.a(lib_a-printf.o)
                0x0001ad5c                iprintf
                0x0001ad5c                printf
 .text.sprintf  0x0001ad8c       0x48 c:/freescale/kds_v3/toolchain/bin/../lib/gcc/arm-none-eabi/4.8.4/../../../../arm-none-eabi/lib/armv7e-m/fpu\libg_s.a(lib_a-sprintf.o)
                0x0001ad8c                siprintf
                0x0001ad8c                sprintf
 .text.strcasecmp
                0x0001add4       0x3c c:/freescale/kds_v3/toolchain/bin/../lib/gcc/arm-none-eabi/4.8.4/../../../../arm-none-eabi/lib/armv7e-m/fpu\libg_s.a(lib_a-strcasecmp.o)
                0x0001add4                strcasecmp
 .text.strchr   0x0001ae10       0x1a c:/freescale/kds_v3/toolchain/bin/../lib/gcc/arm-none-eabi/4.8.4/../../../../arm-none-eabi/lib/armv7e-m/fpu\libg_s.a(lib_a-strchr.o)
                0x0001ae10                strchr
 .text.strcpy   0x0001ae2a       0x10 c:/freescale/kds_v3/toolchain/bin/../lib/gcc/arm-none-eabi/4.8.4/../../../../arm-none-eabi/lib/armv7e-m/fpu\libg_s.a(lib_a-strcpy.o)
                0x0001ae2a                strcpy
 .text.strlen   0x0001ae3a       0x10 c:/freescale/kds_v3/toolchain/bin/../lib/gcc/arm-none-eabi/4.8.4/../../../../arm-none-eabi/lib/armv7e-m/fpu\libg_s.a(lib_a-strlen.o)
                0x0001ae3a                strlen
 .text.strstr   0x0001ae4a       0x32 c:/freescale/kds_v3/toolchain/bin/../lib/gcc/arm-none-eabi/4.8.4/../../../../arm-none-eabi/lib/armv7e-m/fpu\libg_s.a(lib_a-strstr.o)
                0x0001ae4a                strstr
 .text.strtok   0x0001ae7c       0x64 c:/freescale/kds_v3/toolchain/bin/../lib/gcc/arm-none-eabi/4.8.4/../../../../arm-none-eabi/lib/armv7e-m/fpu\libg_s.a(lib_a-strtok.o)
                0x0001ae7c                strtok
 .text.__strtok_r
                0x0001aee0       0x56 c:/freescale/kds_v3/toolchain/bin/../lib/gcc/arm-none-eabi/4.8.4/../../../../arm-none-eabi/lib/armv7e-m/fpu\libg_s.a(lib_a-strtok_r.o)
                0x0001aee0                __strtok_r
 .text.__ssputs_r
                0x0001af36       0xb8 c:/freescale/kds_v3/toolchain/bin/../lib/gcc/arm-none-eabi/4.8.4/../../../../arm-none-eabi/lib/armv7e-m/fpu\libg_s.a(lib_a-svfprintf.o)
                0x0001af36                __ssputs_r
 *fill*         0x0001afee        0x2 
 .text._svfprintf_r
                0x0001aff0      0x1dc c:/freescale/kds_v3/toolchain/bin/../lib/gcc/arm-none-eabi/4.8.4/../../../../arm-none-eabi/lib/armv7e-m/fpu\libg_s.a(lib_a-svfprintf.o)
                0x0001aff0                _svfiprintf_r
                0x0001aff0                _svfprintf_r
 .text.__sfputc_r
                0x0001b1cc       0x2c c:/freescale/kds_v3/toolchain/bin/../lib/gcc/arm-none-eabi/4.8.4/../../../../arm-none-eabi/lib/armv7e-m/fpu\libg_s.a(lib_a-vfprintf.o)
 .text.__sfputs_r
                0x0001b1f8       0x24 c:/freescale/kds_v3/toolchain/bin/../lib/gcc/arm-none-eabi/4.8.4/../../../../arm-none-eabi/lib/armv7e-m/fpu\libg_s.a(lib_a-vfprintf.o)
                0x0001b1f8                __sfputs_r
 .text._vfprintf_r
                0x0001b21c      0x208 c:/freescale/kds_v3/toolchain/bin/../lib/gcc/arm-none-eabi/4.8.4/../../../../arm-none-eabi/lib/armv7e-m/fpu\libg_s.a(lib_a-vfprintf.o)
                0x0001b21c                _vfprintf_r
                0x0001b21c                _vfiprintf_r
 .text._printf_common
                0x0001b424       0xe4 c:/freescale/kds_v3/toolchain/bin/../lib/gcc/arm-none-eabi/4.8.4/../../../../arm-none-eabi/lib/armv7e-m/fpu\libg_s.a(lib_a-vfprintf_i.o)
                0x0001b424                _printf_common
 .text._printf_i
                0x0001b508      0x228 c:/freescale/kds_v3/toolchain/bin/../lib/gcc/arm-none-eabi/4.8.4/../../../../arm-none-eabi/lib/armv7e-m/fpu\libg_s.a(lib_a-vfprintf_i.o)
                0x0001b508                _printf_i
 .text.__swbuf_r
                0x0001b730       0xa8 c:/freescale/kds_v3/toolchain/bin/../lib/gcc/arm-none-eabi/4.8.4/../../../../arm-none-eabi/lib/armv7e-m/fpu\libg_s.a(lib_a-wbuf.o)
                0x0001b730                __swbuf_r
 .text.__swsetup_r
                0x0001b7d8       0xdc c:/freescale/kds_v3/toolchain/bin/../lib/gcc/arm-none-eabi/4.8.4/../../../../arm-none-eabi/lib/armv7e-m/fpu\libg_s.a(lib_a-wsetup.o)
                0x0001b7d8                __swsetup_r
 .text.__sflush_r
                0x0001b8b4      0x106 c:/freescale/kds_v3/toolchain/bin/../lib/gcc/arm-none-eabi/4.8.4/../../../../arm-none-eabi/lib/armv7e-m/fpu\libg_s.a(lib_a-fflush.o)
                0x0001b8b4                __sflush_r
 *fill*         0x0001b9ba        0x2 
 .text._fflush_r
                0x0001b9bc       0x54 c:/freescale/kds_v3/toolchain/bin/../lib/gcc/arm-none-eabi/4.8.4/../../../../arm-none-eabi/lib/armv7e-m/fpu\libg_s.a(lib_a-fflush.o)
                0x0001b9bc                _fflush_r
 .text._cleanup_r
                0x0001ba10       0x32 c:/freescale/kds_v3/toolchain/bin/../lib/gcc/arm-none-eabi/4.8.4/../../../../arm-none-eabi/lib/armv7e-m/fpu\libg_s.a(lib_a-findfp.o)
                0x0001ba10                _cleanup_r
 *fill*         0x0001ba42        0x2 
 .text.std.isra.0
                0x0001ba44       0x48 c:/freescale/kds_v3/toolchain/bin/../lib/gcc/arm-none-eabi/4.8.4/../../../../arm-none-eabi/lib/armv7e-m/fpu\libg_s.a(lib_a-findfp.o)
 .text.__sfmoreglue
                0x0001ba8c       0x2c c:/freescale/kds_v3/toolchain/bin/../lib/gcc/arm-none-eabi/4.8.4/../../../../arm-none-eabi/lib/armv7e-m/fpu\libg_s.a(lib_a-findfp.o)
                0x0001ba8c                __sfmoreglue
 .text.__sinit  0x0001bab8       0x60 c:/freescale/kds_v3/toolchain/bin/../lib/gcc/arm-none-eabi/4.8.4/../../../../arm-none-eabi/lib/armv7e-m/fpu\libg_s.a(lib_a-findfp.o)
                0x0001bab8                __sinit
 .text.__sfp    0x0001bb18       0x74 c:/freescale/kds_v3/toolchain/bin/../lib/gcc/arm-none-eabi/4.8.4/../../../../arm-none-eabi/lib/armv7e-m/fpu\libg_s.a(lib_a-findfp.o)
                0x0001bb18                __sfp
 .text.__smakebuf_r
                0x0001bb8c       0x9c c:/freescale/kds_v3/toolchain/bin/../lib/gcc/arm-none-eabi/4.8.4/../../../../arm-none-eabi/lib/armv7e-m/fpu\libg_s.a(lib_a-makebuf.o)
                0x0001bb8c                __smakebuf_r